Archive member included to satisfy reference by file (symbol)

F:/library/stm32/STM32Toolchain/STM32CubeIDE/STM32CubeIDE_1.15.0/STM32CubeIDE/plugins/com.st.stm32cube.ide.mcu.externaltools.gnu-tools-for-stm32.12.3.rel1.win32_1.0.100.202403111256/tools/bin/../lib/gcc/arm-none-eabi/12.3.1/../../../../arm-none-eabi/lib/thumb/v7e-m+fp/hard\libc_nano.a(libc_a-atoi.o)
                              ./Core/Src/rc_controller.o (atoi)
F:/library/stm32/STM32Toolchain/STM32CubeIDE/STM32CubeIDE_1.15.0/STM32CubeIDE/plugins/com.st.stm32cube.ide.mcu.externaltools.gnu-tools-for-stm32.12.3.rel1.win32_1.0.100.202403111256/tools/bin/../lib/gcc/arm-none-eabi/12.3.1/../../../../arm-none-eabi/lib/thumb/v7e-m+fp/hard\libc_nano.a(libc_a-exit.o)
                              F:/library/stm32/STM32Toolchain/STM32CubeIDE/STM32CubeIDE_1.15.0/STM32CubeIDE/plugins/com.st.stm32cube.ide.mcu.externaltools.gnu-tools-for-stm32.12.3.rel1.win32_1.0.100.202403111256/tools/bin/../lib/gcc/arm-none-eabi/12.3.1/../../../../arm-none-eabi/lib/thumb/v7e-m+fp/hard/crt0.o (exit)
F:/library/stm32/STM32Toolchain/STM32CubeIDE/STM32CubeIDE_1.15.0/STM32CubeIDE/plugins/com.st.stm32cube.ide.mcu.externaltools.gnu-tools-for-stm32.12.3.rel1.win32_1.0.100.202403111256/tools/bin/../lib/gcc/arm-none-eabi/12.3.1/../../../../arm-none-eabi/lib/thumb/v7e-m+fp/hard\libc_nano.a(libc_a-strtol.o)
                              F:/library/stm32/STM32Toolchain/STM32CubeIDE/STM32CubeIDE_1.15.0/STM32CubeIDE/plugins/com.st.stm32cube.ide.mcu.externaltools.gnu-tools-for-stm32.12.3.rel1.win32_1.0.100.202403111256/tools/bin/../lib/gcc/arm-none-eabi/12.3.1/../../../../arm-none-eabi/lib/thumb/v7e-m+fp/hard\libc_nano.a(libc_a-atoi.o) (_strtol_r)
F:/library/stm32/STM32Toolchain/STM32CubeIDE/STM32CubeIDE_1.15.0/STM32CubeIDE/plugins/com.st.stm32cube.ide.mcu.externaltools.gnu-tools-for-stm32.12.3.rel1.win32_1.0.100.202403111256/tools/bin/../lib/gcc/arm-none-eabi/12.3.1/../../../../arm-none-eabi/lib/thumb/v7e-m+fp/hard\libc_nano.a(libc_a-ctype_.o)
                              F:/library/stm32/STM32Toolchain/STM32CubeIDE/STM32CubeIDE_1.15.0/STM32CubeIDE/plugins/com.st.stm32cube.ide.mcu.externaltools.gnu-tools-for-stm32.12.3.rel1.win32_1.0.100.202403111256/tools/bin/../lib/gcc/arm-none-eabi/12.3.1/../../../../arm-none-eabi/lib/thumb/v7e-m+fp/hard\libc_nano.a(libc_a-strtol.o) (_ctype_)
F:/library/stm32/STM32Toolchain/STM32CubeIDE/STM32CubeIDE_1.15.0/STM32CubeIDE/plugins/com.st.stm32cube.ide.mcu.externaltools.gnu-tools-for-stm32.12.3.rel1.win32_1.0.100.202403111256/tools/bin/../lib/gcc/arm-none-eabi/12.3.1/../../../../arm-none-eabi/lib/thumb/v7e-m+fp/hard\libc_nano.a(libc_a-nano-vfprintf_float.o)
                              (_printf_float)
F:/library/stm32/STM32Toolchain/STM32CubeIDE/STM32CubeIDE_1.15.0/STM32CubeIDE/plugins/com.st.stm32cube.ide.mcu.externaltools.gnu-tools-for-stm32.12.3.rel1.win32_1.0.100.202403111256/tools/bin/../lib/gcc/arm-none-eabi/12.3.1/../../../../arm-none-eabi/lib/thumb/v7e-m+fp/hard\libc_nano.a(libc_a-nano-vfprintf_i.o)
                              F:/library/stm32/STM32Toolchain/STM32CubeIDE/STM32CubeIDE_1.15.0/STM32CubeIDE/plugins/com.st.stm32cube.ide.mcu.externaltools.gnu-tools-for-stm32.12.3.rel1.win32_1.0.100.202403111256/tools/bin/../lib/gcc/arm-none-eabi/12.3.1/../../../../arm-none-eabi/lib/thumb/v7e-m+fp/hard\libc_nano.a(libc_a-nano-vfprintf_float.o) (_printf_common)
F:/library/stm32/STM32Toolchain/STM32CubeIDE/STM32CubeIDE_1.15.0/STM32CubeIDE/plugins/com.st.stm32cube.ide.mcu.externaltools.gnu-tools-for-stm32.12.3.rel1.win32_1.0.100.202403111256/tools/bin/../lib/gcc/arm-none-eabi/12.3.1/../../../../arm-none-eabi/lib/thumb/v7e-m+fp/hard\libc_nano.a(libc_a-nano-vfscanf_float.o)
                              (_scanf_float)
F:/library/stm32/STM32Toolchain/STM32CubeIDE/STM32CubeIDE_1.15.0/STM32CubeIDE/plugins/com.st.stm32cube.ide.mcu.externaltools.gnu-tools-for-stm32.12.3.rel1.win32_1.0.100.202403111256/tools/bin/../lib/gcc/arm-none-eabi/12.3.1/../../../../arm-none-eabi/lib/thumb/v7e-m+fp/hard\libc_nano.a(libc_a-findfp.o)
                              F:/library/stm32/STM32Toolchain/STM32CubeIDE/STM32CubeIDE_1.15.0/STM32CubeIDE/plugins/com.st.stm32cube.ide.mcu.externaltools.gnu-tools-for-stm32.12.3.rel1.win32_1.0.100.202403111256/tools/bin/../lib/gcc/arm-none-eabi/12.3.1/../../../../arm-none-eabi/lib/thumb/v7e-m+fp/hard\libc_nano.a(libc_a-exit.o) (__stdio_exit_handler)
F:/library/stm32/STM32Toolchain/STM32CubeIDE/STM32CubeIDE_1.15.0/STM32CubeIDE/plugins/com.st.stm32cube.ide.mcu.externaltools.gnu-tools-for-stm32.12.3.rel1.win32_1.0.100.202403111256/tools/bin/../lib/gcc/arm-none-eabi/12.3.1/../../../../arm-none-eabi/lib/thumb/v7e-m+fp/hard\libc_nano.a(libc_a-fwalk.o)
[...]
Memory Configuration

Name             Origin             Length             Attributes
RAM              0x20000000         0x00018000         xrw
FLASH            0x08000000         0x00080000         xr
*default*        0x00000000         0xffffffff

Linker script and memory map

LOAD F:/library/stm32/STM32Toolchain/STM32CubeIDE/STM32CubeIDE_1.15.0/STM32CubeIDE/plugins/com.st.stm32cube.ide.mcu.externaltools.gnu-tools-for-stm32.12.3.rel1.win32_1.0.100.202403111256/tools/bin/../lib/gcc/arm-none-eabi/12.3.1/thumb/v7e-m+fp/hard/crti.o
LOAD F:/library/stm32/STM32Toolchain/STM32CubeIDE/STM32CubeIDE_1.15.0/STM32CubeIDE/plugins/com.st.stm32cube.ide.mcu.externaltools.gnu-tools-for-stm32.12.3.rel1.win32_1.0.100.202403111256/tools/bin/../lib/gcc/arm-none-eabi/12.3.1/thumb/v7e-m+fp/hard/crtbegin.o
LOAD F:/library/stm32/STM32Toolchain/STM32CubeIDE/STM32CubeIDE_1.15.0/STM32CubeIDE/plugins/com.st.stm32cube.ide.mcu.externaltools.gnu-tools-for-stm32.12.3.rel1.win32_1.0.100.202403111256/tools/bin/../lib/gcc/arm-none-eabi/12.3.1/../../../../arm-none-eabi/lib/thumb/v7e-m+fp/hard/crt0.o
LOAD ./Core/Src/BME280_STM32.o
LOAD ./Core/Src/gps.o
LOAD ./Core/Src/main.o
LOAD ./Core/Src/mpu6050.o
LOAD ./Core/Src/pid.o
LOAD ./Core/Src/rc_controller.o
LOAD ./Core/Src/stm32f4xx_hal_msp.o
LOAD ./Core/Src/stm32f4xx_it.o
LOAD ./Core/Src/syscalls.o
LOAD ./Core/Src/sysmem.o
LOAD ./Core/Src/system_stm32f4xx.o
LOAD ./Core/Startup/startup_stm32f401retx.o
LOAD ./Drivers/STM32F4xx_HAL_Driver/Src/stm32f4xx_hal.o
LOAD ./Drivers/STM32F4xx_HAL_Driver/Src/stm32f4xx_hal_adc.o
LOAD ./Drivers/STM32F4xx_HAL_Driver/Src/stm32f4xx_hal_adc_ex.o
LOAD ./Drivers/STM32F4xx_HAL_Driver/Src/stm32f4xx_hal_cortex.o
LOAD ./Drivers/STM32F4xx_HAL_Driver/Src/stm32f4xx_hal_dma.o
LOAD ./Drivers/STM32F4xx_HAL_Driver/Src/stm32f4xx_hal_dma_ex.o
LOAD ./Drivers/STM32F4xx_HAL_Driver/Src/stm32f4xx_hal_exti.o
LOAD ./Drivers/STM32F4xx_HAL_Driver/Src/stm32f4xx_hal_flash.o
LOAD ./Drivers/STM32F4xx_HAL_Driver/Src/stm32f4xx_hal_flash_ex.o
LOAD ./Drivers/STM32F4xx_HAL_Driver/Src/stm32f4xx_hal_flash_ramfunc.o
LOAD ./Drivers/STM32F4xx_HAL_Driver/Src/stm32f4xx_hal_gpio.o
LOAD ./Drivers/STM32F4xx_HAL_Driver/Src/stm32f4xx_hal_i2c.o
LOAD ./Drivers/STM32F4xx_HAL_Driver/Src/stm32f4xx_hal_i2c_ex.o
LOAD ./Drivers/STM32F4xx_HAL_Driver/Src/stm32f4xx_hal_pwr.o
LOAD ./Drivers/STM32F4xx_HAL_Driver/Src/stm32f4xx_hal_pwr_ex.o
LOAD ./Drivers/STM32F4xx_HAL_Driver/Src/stm32f4xx_hal_rcc.o
LOAD ./Drivers/STM32F4xx_HAL_Driver/Src/stm32f4xx_hal_rcc_ex.o
LOAD ./Drivers/STM32F4xx_HAL_Driver/Src/stm32f4xx_hal_tim.o
LOAD ./Drivers/STM32F4xx_HAL_Driver/Src/stm32f4xx_hal_tim_ex.o
LOAD ./Drivers/STM32F4xx_HAL_Driver/Src/stm32f4xx_hal_uart.o
LOAD ./Drivers/STM32F4xx_HAL_Driver/Src/stm32f4xx_ll_adc.o
LOAD ./Drivers/STM32F4xx_HAL_Driver/Src/stm32f4xx_ll_dma.o
LOAD ./Drivers/STM32F4xx_HAL_Driver/Src/stm32f4xx_ll_exti.o
LOAD ./Drivers/STM32F4xx_HAL_Driver/Src/stm32f4xx_ll_gpio.o
LOAD ./Drivers/STM32F4xx_HAL_Driver/Src/stm32f4xx_ll_rcc.o
LOAD ./Drivers/STM32F4xx_HAL_Driver/Src/stm32f4xx_ll_tim.o
LOAD ./Drivers/STM32F4xx_HAL_Driver/Src/stm32f4xx_ll_usart.o
LOAD ./Drivers/STM32F4xx_HAL_Driver/Src/stm32f4xx_ll_utils.o
LOAD ../Middlewares/ST/ARM/DSP/Lib\libarm_cortexM4lf_math.a
START GROUP
LOAD F:/library/stm32/STM32Toolchain/STM32CubeIDE/STM32CubeIDE_1.15.0/STM32CubeIDE/plugins/com.st.stm32cube.ide.mcu.externaltools.gnu-tools-for-stm32.12.3.rel1.win32_1.0.100.202403111256/tools/bin/../lib/gcc/arm-none-eabi/12.3.1/../../../../arm-none-eabi/lib/thumb/v7e-m+fp/hard\libc_nano.a
LOAD F:/library/stm32/STM32Toolchain/STM32CubeIDE/STM32CubeIDE_1.15.0/STM32CubeIDE/plugins/com.st.stm32cube.ide.mcu.externaltools.gnu-tools-for-stm32.12.3.rel1.win32_1.0.100.202403111256/tools/bin/../lib/gcc/arm-none-eabi/12.3.1/../../../../arm-none-eabi/lib/thumb/v7e-m+fp/hard\libm.a
END GROUP
START GROUP
LOAD F:/library/stm32/STM32Toolchain/STM32CubeIDE/STM32CubeIDE_1.15.0/STM32CubeIDE/plugins/com.st.stm32cube.ide.mcu.externaltools.gnu-tools-for-stm32.12.3.rel1.win32_1.0.100.202403111256/tools/bin/../lib/gcc/arm-none-eabi/12.3.1/thumb/v7e-m+fp/hard\libgcc.a
LOAD F:/library/stm32/STM32Toolchain/STM32CubeIDE/STM32CubeIDE_1.15.0/STM32CubeIDE/plugins/com.st.stm32cube.ide.mcu.externaltools.gnu-tools-for-stm32.12.3.rel1.win32_1.0.100.202403111256/tools/bin/../lib/gcc/arm-none-eabi/12.3.1/../../../../arm-none-eabi/lib/thumb/v7e-m+fp/hard\libc_nano.a
END GROUP
START GROUP
LOAD F:/library/stm32/STM32Toolchain/STM32CubeIDE/STM32CubeIDE_1.15.0/STM32CubeIDE/plugins/com.st.stm32cube.ide.mcu.externaltools.gnu-tools-for-stm32.12.3.rel1.win32_1.0.100.202403111256/tools/bin/../lib/gcc/arm-none-eabi/12.3.1/thumb/v7e-m+fp/hard\libgcc.a
LOAD F:/library/stm32/STM32Toolchain/STM32CubeIDE/STM32CubeIDE_1.15.0/STM32CubeIDE/plugins/com.st.stm32cube.ide.mcu.externaltools.gnu-tools-for-stm32.12.3.rel1.win32_1.0.100.202403111256/tools/bin/../lib/gcc/arm-none-eabi/12.3.1/../../../../arm-none-eabi/lib/thumb/v7e-m+fp/hard\libc_nano.a
LOAD F:/library/stm32/STM32Toolchain/STM32CubeIDE/STM32CubeIDE_1.15.0/STM32CubeIDE/plugins/com.st.stm32cube.ide.mcu.externaltools.gnu-tools-for-stm32.12.3.rel1.win32_1.0.100.202403111256/tools/bin/../lib/gcc/arm-none-eabi/12.3.1/../../../../arm-none-eabi/lib/thumb/v7e-m+fp/hard\libnosys.a
END GROUP
START GROUP
LOAD F:/library/stm32/STM32Toolchain/STM32CubeIDE/STM32CubeIDE_1.15.0/STM32CubeIDE/plugins/com.st.stm32cube.ide.mcu.externaltools.gnu-tools-for-stm32.12.3.rel1.win32_1.0.100.202403111256/tools/bin/../lib/gcc/arm-none-eabi/12.3.1/thumb/v7e-m+fp/hard\libgcc.a
LOAD F:/library/stm32/STM32Toolchain/STM32CubeIDE/STM32CubeIDE_1.15.0/STM32CubeIDE/plugins/com.st.stm32cube.ide.mcu.externaltools.gnu-tools-for-stm32.12.3.rel1.win32_1.0.100.202403111256/tools/bin/../lib/gcc/arm-none-eabi/12.3.1/../../../../arm-none-eabi/lib/thumb/v7e-m+fp/hard\libc_nano.a
LOAD F:/library/stm32/STM32Toolchain/STM32CubeIDE/STM32CubeIDE_1.15.0/STM32CubeIDE/plugins/com.st.stm32cube.ide.mcu.externaltools.gnu-tools-for-stm32.12.3.rel1.win32_1.0.100.202403111256/tools/bin/../lib/gcc/arm-none-eabi/12.3.1/../../../../arm-none-eabi/lib/thumb/v7e-m+fp/hard\libnosys.a
END GROUP
LOAD F:/library/stm32/STM32Toolchain/STM32CubeIDE/STM32CubeIDE_1.15.0/STM32CubeIDE/plugins/com.st.stm32cube.ide.mcu.externaltools.gnu-tools-for-stm32.12.3.rel1.win32_1.0.100.202403111256/tools/bin/../lib/gcc/arm-none-eabi/12.3.1/thumb/v7e-m+fp/hard/crtend.o
LOAD F:/library/stm32/STM32Toolchain/STM32CubeIDE/STM32CubeIDE_1.15.0/STM32CubeIDE/plugins/com.st.stm32cube.ide.mcu.externaltools.gnu-tools-for-stm32.12.3.rel1.win32_1.0.100.202403111256/tools/bin/../lib/gcc/arm-none-eabi/12.3.1/thumb/v7e-m+fp/hard/crtn.o
                0x20018000                        _estack = (ORIGIN (RAM) + LENGTH (RAM))
                0x00000200                        _Min_Heap_Size = 0x200
                0x00000400                        _Min_Stack_Size = 0x400

.isr_vector     0x08000000      0x194
                0x08000000                        . = ALIGN (0x4)
 *(.isr_vector)
 .isr_vector    0x08000000      0x194 ./Core/Startup/startup_stm32f401retx.o
                0x08000000                g_pfnVectors
                0x08000194                        . = ALIGN (0x4)

.text           0x080001a0     0xf9b8
                0x080001a0                        . = ALIGN (0x4)
 *(.text)
 .text          0x080001a0       0x40 F:/library/stm32/STM32Toolchain/STM32CubeIDE/STM32CubeIDE_1.15.0/STM32CubeIDE/plugins/com.st.stm32cube.ide.mcu.externaltools.gnu-tools-for-stm32.12.3.rel1.win32_1.0.100.202403111256/tools/bin/../lib/gcc/arm-none-eabi/12.3.1/thumb/v7e-m+fp/hard/crtbegin.o
 .text          0x080001e0       0xa0 F:/library/stm32/STM32Toolchain/STM32CubeIDE/STM32CubeIDE_1.15.0/STM32CubeIDE/plugins/com.st.stm32cube.ide.mcu.externaltools.gnu-tools-for-stm32.12.3.rel1.win32_1.0.100.202403111256/tools/bin/../lib/gcc/arm-none-eabi/12.3.1/../../../../arm-none-eabi/lib/thumb/v7e-m+fp/hard\libc_nano.a(libc_a-memchr.o)
                0x080001e0                memchr
 .text          0x08000280       0x10 F:/library/stm32/STM32Toolchain/STM32CubeIDE/STM32CubeIDE_1.15.0/STM32CubeIDE/plugins/com.st.stm32cube.ide.mcu.externaltools.gnu-tools-for-stm32.12.3.rel1.win32_1.0.100.202403111256/tools/bin/../lib/gcc/arm-none-eabi/12.3.1/../../../../arm-none-eabi/lib/thumb/v7e-m+fp/hard\libc_nano.a(libc_a-strlen.o)
                0x08000280                strlen
 .text          0x08000290      0x378 F:/library/stm32/STM32Toolchain/STM32CubeIDE/STM32CubeIDE_1.15.0/STM32CubeIDE/plugins/com.st.stm32cube.ide.mcu.externaltools.gnu-tools-for-stm32.12.3.rel1.win32_1.0.100.202403111256/tools/bin/../lib/gcc/arm-none-eabi/12.3.1/thumb/v7e-m+fp/hard\libgcc.a(_arm_addsubdf3.o)
                0x08000290                __aeabi_drsub
                0x08000298                __aeabi_dsub
                0x08000298                __subdf3
                0x0800029c                __aeabi_dadd
                0x0800029c                __adddf3
                0x08000514                __floatunsidf
                0x08000514                __aeabi_ui2d
                0x08000534                __floatsidf
                0x08000534                __aeabi_i2d
                0x08000558                __aeabi_f2d
                0x08000558                __extendsfdf2
                0x0800059c                __floatundidf
                0x0800059c                __aeabi_ul2d
                0x080005ac                __floatdidf
                0x080005ac                __aeabi_l2d
 .text          0x08000608      0x424 F:/library/stm32/STM32Toolchain/STM32CubeIDE/STM32CubeIDE_1.15.0/STM32CubeIDE/plugins/com.st.stm32cube.ide.mcu.externaltools.gnu-tools-for-stm32.12.3.rel1.win32_1.0.100.202403111256/tools/bin/../lib/gcc/arm-none-eabi/12.3.1/thumb/v7e-m+fp/hard\libgcc.a(_arm_muldivdf3.o)
                0x08000608                __aeabi_dmul
                0x08000608                __muldf3
                0x0800085c                __divdf3
                0x0800085c                __aeabi_ddiv
 .text          0x08000a2c      0x110 F:/library/stm32/STM32Toolchain/STM32CubeIDE/STM32CubeIDE_1.15.0/STM32CubeIDE/plugins/com.st.stm32cube.ide.mcu.externaltools.gnu-tools-for-stm32.12.3.rel1.win32_1.0.100.202403111256/tools/bin/../lib/gcc/arm-none-eabi/12.3.1/thumb/v7e-m+fp/hard\libgcc.a(_arm_cmpdf2.o)
                0x08000a2c                __gtdf2
                0x08000a2c                __gedf2
                0x08000a34                __ltdf2
                0x08000a34                __ledf2
                0x08000a3c                __nedf2
                0x08000a3c                __eqdf2
                0x08000a3c                __cmpdf2
                0x08000ab8                __aeabi_cdrcmple
                0x08000ac8                __aeabi_cdcmpeq
                0x08000ac8                __aeabi_cdcmple
                0x08000ad8                __aeabi_dcmpeq
                0x08000aec                __aeabi_dcmplt
                0x08000b00                __aeabi_dcmple
                0x08000b14                __aeabi_dcmpge
                0x08000b28                __aeabi_dcmpgt
 .text          0x08000b3c       0x2c F:/library/stm32/STM32Toolchain/STM32CubeIDE/STM32CubeIDE_1.15.0/STM32CubeIDE/plugins/com.st.stm32cube.ide.mcu.externaltools.gnu-tools-for-stm32.12.3.rel1.win32_1.0.100.202403111256/tools/bin/../lib/gcc/arm-none-eabi/12.3.1/thumb/v7e-m+fp/hard\libgcc.a(_arm_unorddf2.o)
                0x08000b3c                __unorddf2
                0x08000b3c                __aeabi_dcmpun
 .text          0x08000b68       0x50 F:/library/stm32/STM32Toolchain/STM32CubeIDE/STM32CubeIDE_1.15.0/STM32CubeIDE/plugins/com.st.stm32cube.ide.mcu.externaltools.gnu-tools-for-stm32.12.3.rel1.win32_1.0.100.202403111256/tools/bin/../lib/gcc/arm-none-eabi/12.3.1/thumb/v7e-m+fp/hard\libgcc.a(_arm_fixdfsi.o)
                0x08000b68                __aeabi_d2iz
                0x08000b68                __fixdfsi
 .text          0x08000bb8       0x40 F:/library/stm32/STM32Toolchain/STM32CubeIDE/STM32CubeIDE_1.15.0/STM32CubeIDE/plugins/com.st.stm32cube.ide.mcu.externaltools.gnu-tools-for-stm32.12.3.rel1.win32_1.0.100.202403111256/tools/bin/../lib/gcc/arm-none-eabi/12.3.1/thumb/v7e-m+fp/hard\libgcc.a(_arm_fixunsdfsi.o)
                0x08000bb8                __aeabi_d2uiz
                0x08000bb8                __fixunsdfsi
 .text          0x08000bf8       0xa0 F:/library/stm32/STM32Toolchain/STM32CubeIDE/STM32CubeIDE_1.15.0/STM32CubeIDE/plugins/com.st.stm32cube.ide.mcu.externaltools.gnu-tools-for-stm32.12.3.rel1.win32_1.0.100.202403111256/tools/bin/../lib/gcc/arm-none-eabi/12.3.1/thumb/v7e-m+fp/hard\libgcc.a(_arm_truncdfsf2.o)
                0x08000bf8                __truncdfsf2
                0x08000bf8                __aeabi_d2f
 .text          0x08000c98       0xa0 F:/library/stm32/STM32Toolchain/STM32CubeIDE/STM32CubeIDE_1.15.0/STM32CubeIDE/plugins/com.st.stm32cube.ide.mcu.externaltools.gnu-tools-for-stm32.12.3.rel1.win32_1.0.100.202403111256/tools/bin/../lib/gcc/arm-none-eabi/12.3.1/thumb/v7e-m+fp/hard\libgcc.a(_aeabi_ldivmod.o)
                0x08000c98                __aeabi_ldivmod
 .text          0x08000d38       0x30 F:/library/stm32/STM32Toolchain/STM32CubeIDE/STM32CubeIDE_1.15.0/STM32CubeIDE/plugins/com.st.stm32cube.ide.mcu.externaltools.gnu-tools-for-stm32.12.3.rel1.win32_1.0.100.202403111256/tools/bin/../lib/gcc/arm-none-eabi/12.3.1/thumb/v7e-m+fp/hard\libgcc.a(_aeabi_uldivmod.o)
                0x08000d38                __aeabi_uldivmod
 .text          0x08000d68       0x30 F:/library/stm32/STM32Toolchain/STM32CubeIDE/STM32CubeIDE_1.15.0/STM32CubeIDE/plugins/com.st.stm32cube.ide.mcu.externaltools.gnu-tools-for-stm32.12.3.rel1.win32_1.0.100.202403111256/tools/bin/../lib/gcc/arm-none-eabi/12.3.1/thumb/v7e-m+fp/hard\libgcc.a(_fixdfdi.o)
                0x08000d68                __fixdfdi
                0x08000d68                __aeabi_d2lz
 .text          0x08000d98       0x3c F:/library/stm32/STM32Toolchain/STM32CubeIDE/STM32CubeIDE_1.15.0/STM32CubeIDE/plugins/com.st.stm32cube.ide.mcu.externaltools.gnu-tools-for-stm32.12.3.rel1.win32_1.0.100.202403111256/tools/bin/../lib/gcc/arm-none-eabi/12.3.1/thumb/v7e-m+fp/hard\libgcc.a(_fixunsdfdi.o)
                0x08000d98                __fixunsdfdi
                0x08000d98                __aeabi_d2ulz
 .text          0x08000dd4      0x2bc F:/library/stm32/STM32Toolchain/STM32CubeIDE/STM32CubeIDE_1.15.0/STM32CubeIDE/plugins/com.st.stm32cube.ide.mcu.externaltools.gnu-tools-for-stm32.12.3.rel1.win32_1.0.100.202403111256/tools/bin/../lib/gcc/arm-none-eabi/12.3.1/thumb/v7e-m+fp/hard\libgcc.a(_udivmoddi4.o)
                0x08000dd4                __udivmoddi4
 .text          0x08001090        0x4 F:/library/stm32/STM32Toolchain/STM32CubeIDE/STM32CubeIDE_1.15.0/STM32CubeIDE/plugins/com.st.stm32cube.ide.mcu.externaltools.gnu-tools-for-stm32.12.3.rel1.win32_1.0.100.202403111256/tools/bin/../lib/gcc/arm-none-eabi/12.3.1/thumb/v7e-m+fp/hard\libgcc.a(_dvmd_tls.o)
                0x08001090                __aeabi_idiv0
                0x08001090                __aeabi_ldiv0
 *(.text*)
 .text.TrimRead
                0x08001094      0x1c4 ./Core/Src/BME280_STM32.o
                0x08001094                TrimRead
 .text.BME280_Config
                0x08001258      0x1ac ./Core/Src/BME280_STM32.o
                0x08001258                BME280_Config
 .text.BMEReadRaw
                0x08001404       0xa0 ./Core/Src/BME280_STM32.o
                0x08001404                BMEReadRaw
 .text.BME280_compensate_T_int32
                0x080014a4       0x84 ./Core/Src/BME280_STM32.o
                0x080014a4                BME280_compensate_T_int32
 .text.BME280_compensate_P_int64
                0x08001528      0x58c ./Core/Src/BME280_STM32.o
                0x08001528                BME280_compensate_P_int64
 .text.bme280_compensate_H_int32
                0x08001ab4       0xd8 ./Core/Src/BME280_STM32.o
                0x08001ab4                bme280_compensate_H_int32
 .text.BME280_Measure
                0x08001b8c      0x164 ./Core/Src/BME280_STM32.o
                0x08001b8c                BME280_Measure
 .text.GPS_Init
                0x08001cf0       0x1c ./Core/Src/gps.o
                0x08001cf0                GPS_Init
 .text.GPS_UART_CallBack
                0x08001d0c       0x64 ./Core/Src/gps.o
                0x08001d0c                GPS_UART_CallBack
 .text.GPS_parse
                0x08001d70      0x1ac ./Core/Src/gps.o
                0x08001d70                GPS_parse
 .text.GPS_nmea_to_dec
                0x08001f1c       0x9c ./Core/Src/gps.o
                0x08001f1c                GPS_nmea_to_dec
 .text.__NVIC_GetPriorityGrouping
                0x08001fb8       0x1c ./Core/Src/main.o
 .text.__NVIC_EnableIRQ
                0x08001fd4       0x3c ./Core/Src/main.o
 .text.__NVIC_SetPriority
                0x08002010       0x54 ./Core/Src/main.o
 .text.NVIC_EncodePriority
                0x08002064       0x66 ./Core/Src/main.o
 .text.LL_TIM_EnableCounter
                0x080020ca       0x20 ./Core/Src/main.o
 .text.LL_TIM_EnableARRPreload
                0x080020ea       0x20 ./Core/Src/main.o
 .text.LL_TIM_CC_EnableChannel
                0x0800210a       0x22 ./Core/Src/main.o
 .text.LL_TIM_CC_DisableChannel
                0x0800212c       0x24 ./Core/Src/main.o
 .text.LL_TIM_OC_EnableFast
                0x08002150       0x88 ./Core/Src/main.o
 .text.LL_TIM_OC_EnablePreload
                0x080021d8       0x88 ./Core/Src/main.o
 .text.LL_TIM_SetTriggerOutput
                0x08002260       0x26 ./Core/Src/main.o
 .text.LL_TIM_DisableMasterSlaveMode
                0x08002286       0x20 ./Core/Src/main.o
 .text.LL_TIM_EnableIT_UPDATE
                0x080022a6       0x20 ./Core/Src/main.o
 .text.LL_USART_Enable
                0x080022c6       0x20 ./Core/Src/main.o
 .text.LL_USART_ConfigAsyncMode
                0x080022e6       0x2c ./Core/Src/main.o
 .text.LL_USART_EnableIT_RXNE
                0x08002312       0x46 ./Core/Src/main.o
 .text.LL_USART_EnableDMAReq_TX
                0x08002358       0x46 ./Core/Src/main.o
 .text.LL_USART_DMA_GetRegAddr
                0x0800239e       0x18 ./Core/Src/main.o
 *fill*         0x080023b6        0x2 
 .text.LL_AHB1_GRP1_EnableClock
                0x080023b8       0x30 ./Core/Src/main.o
 .text.LL_APB1_GRP1_EnableClock
                0x080023e8       0x30 ./Core/Src/main.o
 .text.LL_APB2_GRP1_EnableClock
                0x08002418       0x30 ./Core/Src/main.o
 .text.LL_DMA_EnableStream
                0x08002448       0x40 ./Core/Src/main.o
 .text.LL_DMA_DisableStream
                0x08002488       0x40 ./Core/Src/main.o
 .text.LL_DMA_SetDataTransferDirection
                0x080024c8       0x48 ./Core/Src/main.o
 .text.LL_DMA_SetMode
                0x08002510       0x48 ./Core/Src/main.o
 .text.LL_DMA_SetPeriphIncMode
                0x08002558       0x48 ./Core/Src/main.o
 .text.LL_DMA_SetMemoryIncMode
                0x080025a0       0x48 ./Core/Src/main.o
 .text.LL_DMA_SetPeriphSize
                0x080025e8       0x48 ./Core/Src/main.o
 .text.LL_DMA_SetMemorySize
                0x08002630       0x48 ./Core/Src/main.o
 .text.LL_DMA_SetStreamPriorityLevel
                0x08002678       0x48 ./Core/Src/main.o
 .text.LL_DMA_SetDataLength
                0x080026c0       0x48 ./Core/Src/main.o
 .text.LL_DMA_SetChannelSelection
                0x08002708       0x48 ./Core/Src/main.o
 .text.LL_DMA_DisableFifoMode
                0x08002750       0x40 ./Core/Src/main.o
 .text.LL_DMA_ConfigAddresses
                0x08002790       0x78 ./Core/Src/main.o
 .text.LL_DMA_EnableIT_TC
                0x08002808       0x40 ./Core/Src/main.o
 .text.HAL_UART_RxCpltCallback
                0x08002848       0x20 ./Core/Src/main.o
                0x08002848                HAL_UART_RxCpltCallback
 .text.map_float
                0x08002868       0x5c ./Core/Src/main.o
                0x08002868                map_float
 .text.pidController_alt
                0x080028c4       0x98 ./Core/Src/main.o
                0x080028c4                pidController_alt
 .text.main     0x0800295c      0x86c ./Core/Src/main.o
                0x0800295c                main
 .text.SystemClock_Config
                0x080031c8       0xd4 ./Core/Src/main.o
                0x080031c8                SystemClock_Config
 .text.MX_ADC1_Init
                0x0800329c       0xa4 ./Core/Src/main.o
 .text.MX_I2C1_Init
                0x08003340       0x5c ./Core/Src/main.o
 .text.MX_I2C3_Init
                0x0800339c       0x5c ./Core/Src/main.o
 .text.MX_TIM3_Init
                0x080033f8       0xf8 ./Core/Src/main.o
 .text.MX_TIM4_Init
                0x080034f0       0xe0 ./Core/Src/main.o
 .text.MX_TIM10_Init
                0x080035d0       0x6c ./Core/Src/main.o
 .text.MX_USART1_UART_Init
                0x0800363c      0x144 ./Core/Src/main.o
 .text.MX_USART2_UART_Init
                0x08003780       0x54 ./Core/Src/main.o
 .text.MX_USART6_UART_Init
                0x080037d4       0x54 ./Core/Src/main.o
 .text.MX_DMA_Init
                0x08003828       0x60 ./Core/Src/main.o
 .text.MX_GPIO_Init
                0x08003888       0xdc ./Core/Src/main.o
 .text._write   0x08003964       0x2c ./Core/Src/main.o
                0x08003964                _write
 .text.DMA_TransmitData
                0x08003990       0x30 ./Core/Src/main.o
                0x08003990                DMA_TransmitData
 .text.ESC_Calibration
                0x080039c0       0x4c ./Core/Src/main.o
                0x080039c0                ESC_Calibration
 .text.Error_Handler
                0x08003a0c        0xc ./Core/Src/main.o
                0x08003a0c                Error_Handler
 .text.Double_Roll_Pitch_PID_Calculation
                0x08003a18      0x274 ./Core/Src/pid.o
                0x08003a18                Double_Roll_Pitch_PID_Calculation
 .text.Single_Yaw_Heading_PID_Calculation
                0x08003c8c      0x134 ./Core/Src/pid.o
                0x08003c8c                Single_Yaw_Heading_PID_Calculation
 .text.parseData
                0x08003dc0      0x3b8 ./Core/Src/rc_controller.o
                0x08003dc0                parseData
 .text.HAL_MspInit
                0x08004178       0x50 ./Core/Src/stm32f4xx_hal_msp.o
                0x08004178                HAL_MspInit
 .text.HAL_ADC_MspInit
                0x080041c8       0xec ./Core/Src/stm32f4xx_hal_msp.o
                0x080041c8                HAL_ADC_MspInit
 .text.HAL_I2C_MspInit
                0x080042b4      0x140 ./Core/Src/stm32f4xx_hal_msp.o
                0x080042b4                HAL_I2C_MspInit
 .text.HAL_TIM_PWM_MspInit
                0x080043f4       0x44 ./Core/Src/stm32f4xx_hal_msp.o
                0x080043f4                HAL_TIM_PWM_MspInit
 .text.HAL_TIM_MspPostInit
                0x08004438       0x74 ./Core/Src/stm32f4xx_hal_msp.o
                0x08004438                HAL_TIM_MspPostInit
 .text.HAL_UART_MspInit
                0x080044ac      0x108 ./Core/Src/stm32f4xx_hal_msp.o
                0x080044ac                HAL_UART_MspInit
 .text.LL_TIM_ClearFlag_UPDATE
                0x080045b4       0x1c ./Core/Src/stm32f4xx_it.o
 .text.LL_TIM_IsActiveFlag_UPDATE
                0x080045d0       0x26 ./Core/Src/stm32f4xx_it.o
 .text.LL_USART_IsActiveFlag_RXNE
                0x080045f6       0x26 ./Core/Src/stm32f4xx_it.o
 .text.LL_USART_ClearFlag_RXNE
                0x0800461c       0x1c ./Core/Src/stm32f4xx_it.o
 .text.LL_USART_ReceiveData8
                0x08004638       0x1a ./Core/Src/stm32f4xx_it.o
 .text.LL_DMA_IsActiveFlag_TC7
                0x08004652       0x28 ./Core/Src/stm32f4xx_it.o
 .text.LL_DMA_ClearFlag_TC7
                0x0800467a       0x1c ./Core/Src/stm32f4xx_it.o
 .text.NMI_Handler
                0x08004696        0x8 ./Core/Src/stm32f4xx_it.o
                0x08004696                NMI_Handler
 .text.HardFault_Handler
                0x0800469e        0x8 ./Core/Src/stm32f4xx_it.o
                0x0800469e                HardFault_Handler
 .text.MemManage_Handler
                0x080046a6        0x8 ./Core/Src/stm32f4xx_it.o
                0x080046a6                MemManage_Handler
 .text.BusFault_Handler
                0x080046ae        0x8 ./Core/Src/stm32f4xx_it.o
                0x080046ae                BusFault_Handler
 .text.UsageFault_Handler
                0x080046b6        0x8 ./Core/Src/stm32f4xx_it.o
                0x080046b6                UsageFault_Handler
 .text.SVC_Handler
                0x080046be        0xe ./Core/Src/stm32f4xx_it.o
                0x080046be                SVC_Handler
 .text.DebugMon_Handler
                0x080046cc        0xe ./Core/Src/stm32f4xx_it.o
                0x080046cc                DebugMon_Handler
 .text.PendSV_Handler
                0x080046da        0xe ./Core/Src/stm32f4xx_it.o
                0x080046da                PendSV_Handler
 .text.SysTick_Handler
                0x080046e8        0xc ./Core/Src/stm32f4xx_it.o
                0x080046e8                SysTick_Handler
 .text.TIM1_UP_TIM10_IRQHandler
                0x080046f4       0xa8 ./Core/Src/stm32f4xx_it.o
                0x080046f4                TIM1_UP_TIM10_IRQHandler
 .text.USART1_IRQHandler
                0x0800479c       0x98 ./Core/Src/stm32f4xx_it.o
                0x0800479c                USART1_IRQHandler
 .text.DMA2_Stream0_IRQHandler
                0x08004834       0x14 ./Core/Src/stm32f4xx_it.o
                0x08004834                DMA2_Stream0_IRQHandler
 .text.DMA2_Stream7_IRQHandler
                0x08004848       0x20 ./Core/Src/stm32f4xx_it.o
                0x08004848                DMA2_Stream7_IRQHandler
 .text.USART6_IRQHandler
                0x08004868       0x14 ./Core/Src/stm32f4xx_it.o
                0x08004868                USART6_IRQHandler
 .text._getpid  0x0800487c       0x10 ./Core/Src/syscalls.o
                0x0800487c                _getpid
 .text._kill    0x0800488c       0x20 ./Core/Src/syscalls.o
                0x0800488c                _kill
 .text._exit    0x080048ac       0x16 ./Core/Src/syscalls.o
                0x080048ac                _exit
 .text._read    0x080048c2       0x3a ./Core/Src/syscalls.o
                0x080048c2                _read
 .text._close   0x080048fc       0x18 ./Core/Src/syscalls.o
                0x080048fc                _close
 .text._fstat   0x08004914       0x20 ./Core/Src/syscalls.o
                0x08004914                _fstat
 .text._isatty  0x08004934       0x16 ./Core/Src/syscalls.o
                0x08004934                _isatty
 .text._lseek   0x0800494a       0x1a ./Core/Src/syscalls.o
                0x0800494a                _lseek
 .text._sbrk    0x08004964       0x6c ./Core/Src/sysmem.o
                0x08004964                _sbrk
 .text.SystemInit
                0x080049d0       0x24 ./Core/Src/system_stm32f4xx.o
                0x080049d0                SystemInit
 .text.Reset_Handler
                0x080049f4       0x50 ./Core/Startup/startup_stm32f401retx.o
                0x080049f4                Reset_Handler
 .text.Default_Handler
                0x08004a44        0x2 ./Core/Startup/startup_stm32f401retx.o
                0x08004a44                RTC_Alarm_IRQHandler
                0x08004a44                EXTI2_IRQHandler
                0x08004a44                SPI4_IRQHandler
                0x08004a44                TIM1_CC_IRQHandler
                0x08004a44                DMA2_Stream5_IRQHandler
                0x08004a44                DMA1_Stream5_IRQHandler
                0x08004a44                PVD_IRQHandler
                0x08004a44                SDIO_IRQHandler
                0x08004a44                TAMP_STAMP_IRQHandler
                0x08004a44                EXTI3_IRQHandler
                0x08004a44                I2C3_ER_IRQHandler
                0x08004a44                EXTI0_IRQHandler
                0x08004a44                I2C2_EV_IRQHandler
                0x08004a44                DMA1_Stream2_IRQHandler
                0x08004a44                FPU_IRQHandler
                0x08004a44                DMA2_Stream2_IRQHandler
                0x08004a44                SPI1_IRQHandler
                0x08004a44                TIM1_BRK_TIM9_IRQHandler
                0x08004a44                DMA2_Stream3_IRQHandler
                0x08004a44                TIM4_IRQHandler
                0x08004a44                I2C1_EV_IRQHandler
                0x08004a44                DMA1_Stream6_IRQHandler
                0x08004a44                DMA1_Stream1_IRQHandler
                0x08004a44                TIM3_IRQHandler
                0x08004a44                RCC_IRQHandler
                0x08004a44                Default_Handler
                0x08004a44                EXTI15_10_IRQHandler
                0x08004a44                ADC_IRQHandler
                0x08004a44                DMA1_Stream7_IRQHandler
                0x08004a44                TIM5_IRQHandler
                0x08004a44                I2C3_EV_IRQHandler
                0x08004a44                EXTI9_5_IRQHandler
                0x08004a44                RTC_WKUP_IRQHandler
                0x08004a44                SPI2_IRQHandler
                0x08004a44                DMA1_Stream0_IRQHandler
                0x08004a44                EXTI4_IRQHandler
                0x08004a44                WWDG_IRQHandler
                0x08004a44                TIM2_IRQHandler
                0x08004a44                OTG_FS_WKUP_IRQHandler
                0x08004a44                TIM1_TRG_COM_TIM11_IRQHandler
                0x08004a44                EXTI1_IRQHandler
                0x08004a44                USART2_IRQHandler
                0x08004a44                I2C2_ER_IRQHandler
                0x08004a44                DMA2_Stream1_IRQHandler
                0x08004a44                FLASH_IRQHandler
                0x08004a44                DMA2_Stream4_IRQHandler
                0x08004a44                OTG_FS_IRQHandler
                0x08004a44                SPI3_IRQHandler
                0x08004a44                DMA1_Stream4_IRQHandler
                0x08004a44                I2C1_ER_IRQHandler
                0x08004a44                DMA2_Stream6_IRQHandler
                0x08004a44                DMA1_Stream3_IRQHandler
 *fill*         0x08004a46        0x2 
 .text.HAL_Init
                0x08004a48       0x44 ./Drivers/STM32F4xx_HAL_Driver/Src/stm32f4xx_hal.o
                0x08004a48                HAL_Init
 .text.HAL_InitTick
                0x08004a8c       0x60 ./Drivers/STM32F4xx_HAL_Driver/Src/stm32f4xx_hal.o
                0x08004a8c                HAL_InitTick
 .text.HAL_IncTick
                0x08004aec       0x28 ./Drivers/STM32F4xx_HAL_Driver/Src/stm32f4xx_hal.o
                0x08004aec                HAL_IncTick
 .text.HAL_GetTick
                0x08004b14       0x18 ./Drivers/STM32F4xx_HAL_Driver/Src/stm32f4xx_hal.o
                0x08004b14                HAL_GetTick
 .text.HAL_Delay
                0x08004b2c       0x48 ./Drivers/STM32F4xx_HAL_Driver/Src/stm32f4xx_hal.o
                0x08004b2c                HAL_Delay
 .text.HAL_ADC_Init
                0x08004b74       0x86 ./Drivers/STM32F4xx_HAL_Driver/Src/stm32f4xx_hal_adc.o
                0x08004b74                HAL_ADC_Init
 *fill*         0x08004bfa        0x2 
 .text.HAL_ADC_Start_DMA
                0x08004bfc      0x1e0 ./Drivers/STM32F4xx_HAL_Driver/Src/stm32f4xx_hal_adc.o
                0x08004bfc                HAL_ADC_Start_DMA
 .text.HAL_ADC_ConvCpltCallback
                0x08004ddc       0x14 ./Drivers/STM32F4xx_HAL_Driver/Src/stm32f4xx_hal_adc.o
                0x08004ddc                HAL_ADC_ConvCpltCallback
 .text.HAL_ADC_ConvHalfCpltCallback
                0x08004df0       0x14 ./Drivers/STM32F4xx_HAL_Driver/Src/stm32f4xx_hal_adc.o
                0x08004df0                HAL_ADC_ConvHalfCpltCallback
 .text.HAL_ADC_ErrorCallback
                0x08004e04       0x14 ./Drivers/STM32F4xx_HAL_Driver/Src/stm32f4xx_hal_adc.o
                0x08004e04                HAL_ADC_ErrorCallback
 .text.HAL_ADC_ConfigChannel
                0x08004e18      0x244 ./Drivers/STM32F4xx_HAL_Driver/Src/stm32f4xx_hal_adc.o
                0x08004e18                HAL_ADC_ConfigChannel
 .text.ADC_Init
                0x0800505c      0x1f8 ./Drivers/STM32F4xx_HAL_Driver/Src/stm32f4xx_hal_adc.o
 .text.ADC_DMAConvCplt
                0x08005254       0xba ./Drivers/STM32F4xx_HAL_Driver/Src/stm32f4xx_hal_adc.o
 .text.ADC_DMAHalfConvCplt
                0x0800530e       0x1c ./Drivers/STM32F4xx_HAL_Driver/Src/stm32f4xx_hal_adc.o
 .text.ADC_DMAError
                0x0800532a       0x2e ./Drivers/STM32F4xx_HAL_Driver/Src/stm32f4xx_hal_adc.o
 .text.__NVIC_SetPriorityGrouping
                0x08005358       0x48 ./Drivers/STM32F4xx_HAL_Driver/Src/stm32f4xx_hal_cortex.o
 .text.__NVIC_GetPriorityGrouping
                0x080053a0       0x1c ./Drivers/STM32F4xx_HAL_Driver/Src/stm32f4xx_hal_cortex.o
 .text.__NVIC_EnableIRQ
                0x080053bc       0x3c ./Drivers/STM32F4xx_HAL_Driver/Src/stm32f4xx_hal_cortex.o
 .text.__NVIC_SetPriority
                0x080053f8       0x54 ./Drivers/STM32F4xx_HAL_Driver/Src/stm32f4xx_hal_cortex.o
 .text.NVIC_EncodePriority
                0x0800544c       0x66 ./Drivers/STM32F4xx_HAL_Driver/Src/stm32f4xx_hal_cortex.o
 *fill*         0x080054b2        0x2 
 .text.SysTick_Config
                0x080054b4       0x44 ./Drivers/STM32F4xx_HAL_Driver/Src/stm32f4xx_hal_cortex.o
 .text.HAL_NVIC_SetPriorityGrouping
                0x080054f8       0x16 ./Drivers/STM32F4xx_HAL_Driver/Src/stm32f4xx_hal_cortex.o
                0x080054f8                HAL_NVIC_SetPriorityGrouping
 .text.HAL_NVIC_SetPriority
                0x0800550e       0x38 ./Drivers/STM32F4xx_HAL_Driver/Src/stm32f4xx_hal_cortex.o
                0x0800550e                HAL_NVIC_SetPriority
 .text.HAL_NVIC_EnableIRQ
                0x08005546       0x1c ./Drivers/STM32F4xx_HAL_Driver/Src/stm32f4xx_hal_cortex.o
                0x08005546                HAL_NVIC_EnableIRQ
 .text.HAL_SYSTICK_Config
                0x08005562       0x18 ./Drivers/STM32F4xx_HAL_Driver/Src/stm32f4xx_hal_cortex.o
                0x08005562                HAL_SYSTICK_Config
 *fill*         0x0800557a        0x2 
 .text.HAL_DMA_Init
                0x0800557c      0x15c ./Drivers/STM32F4xx_HAL_Driver/Src/stm32f4xx_hal_dma.o
                0x0800557c                HAL_DMA_Init
 .text.HAL_DMA_Start_IT
                0x080056d8       0xb0 ./Drivers/STM32F4xx_HAL_Driver/Src/stm32f4xx_hal_dma.o
                0x080056d8                HAL_DMA_Start_IT
 .text.HAL_DMA_Abort
                0x08005788       0xe0 ./Drivers/STM32F4xx_HAL_Driver/Src/stm32f4xx_hal_dma.o
                0x08005788                HAL_DMA_Abort
 .text.HAL_DMA_Abort_IT
                0x08005868       0x44 ./Drivers/STM32F4xx_HAL_Driver/Src/stm32f4xx_hal_dma.o
                0x08005868                HAL_DMA_Abort_IT
 .text.HAL_DMA_IRQHandler
                0x080058ac      0x314 ./Drivers/STM32F4xx_HAL_Driver/Src/stm32f4xx_hal_dma.o
                0x080058ac                HAL_DMA_IRQHandler
 .text.DMA_SetConfig
                0x08005bc0       0x5c ./Drivers/STM32F4xx_HAL_Driver/Src/stm32f4xx_hal_dma.o
 .text.DMA_CalcBaseAndBitshift
                0x08005c1c       0x6c ./Drivers/STM32F4xx_HAL_Driver/Src/stm32f4xx_hal_dma.o
 .text.DMA_CheckFifoParam
                0x08005c88       0xf8 ./Drivers/STM32F4xx_HAL_Driver/Src/stm32f4xx_hal_dma.o
 .text.HAL_GPIO_Init
                0x08005d80      0x308 ./Drivers/STM32F4xx_HAL_Driver/Src/stm32f4xx_hal_gpio.o
                0x08005d80                HAL_GPIO_Init
 .text.HAL_GPIO_WritePin
                0x08006088       0x32 ./Drivers/STM32F4xx_HAL_Driver/Src/stm32f4xx_hal_gpio.o
                0x08006088                HAL_GPIO_WritePin
 *fill*         0x080060ba        0x2 
 .text.HAL_I2C_Init
                0x080060bc      0x288 ./Drivers/STM32F4xx_HAL_Driver/Src/stm32f4xx_hal_i2c.o
                0x080060bc                HAL_I2C_Init
 .text.HAL_I2C_Mem_Write
                0x08006344      0x1f4 ./Drivers/STM32F4xx_HAL_Driver/Src/stm32f4xx_hal_i2c.o
                0x08006344                HAL_I2C_Mem_Write
 .text.HAL_I2C_Mem_Read
                0x08006538      0x44c ./Drivers/STM32F4xx_HAL_Driver/Src/stm32f4xx_hal_i2c.o
                0x08006538                HAL_I2C_Mem_Read
 .text.I2C_RequestMemoryWrite
                0x08006984      0x12c ./Drivers/STM32F4xx_HAL_Driver/Src/stm32f4xx_hal_i2c.o
 .text.I2C_RequestMemoryRead
                0x08006ab0      0x1d0 ./Drivers/STM32F4xx_HAL_Driver/Src/stm32f4xx_hal_i2c.o
 .text.I2C_WaitOnFlagUntilTimeout
                0x08006c80       0xae ./Drivers/STM32F4xx_HAL_Driver/Src/stm32f4xx_hal_i2c.o
 .text.I2C_WaitOnMasterAddressFlagUntilTimeout
                0x08006d2e       0xfe ./Drivers/STM32F4xx_HAL_Driver/Src/stm32f4xx_hal_i2c.o
 .text.I2C_WaitOnTXEFlagUntilTimeout
                0x08006e2c       0x82 ./Drivers/STM32F4xx_HAL_Driver/Src/stm32f4xx_hal_i2c.o
 .text.I2C_WaitOnBTFFlagUntilTimeout
                0x08006eae       0x82 ./Drivers/STM32F4xx_HAL_Driver/Src/stm32f4xx_hal_i2c.o
 .text.I2C_WaitOnRXNEFlagUntilTimeout
                0x08006f30       0xac ./Drivers/STM32F4xx_HAL_Driver/Src/stm32f4xx_hal_i2c.o
 .text.I2C_IsAcknowledgeFailed
                0x08006fdc       0x5e ./Drivers/STM32F4xx_HAL_Driver/Src/stm32f4xx_hal_i2c.o
 *fill*         0x0800703a        0x2 
 .text.HAL_RCC_OscConfig
                0x0800703c      0x4f0 ./Drivers/STM32F4xx_HAL_Driver/Src/stm32f4xx_hal_rcc.o
                0x0800703c                HAL_RCC_OscConfig
 .text.HAL_RCC_ClockConfig
                0x0800752c      0x1cc ./Drivers/STM32F4xx_HAL_Driver/Src/stm32f4xx_hal_rcc.o
                0x0800752c                HAL_RCC_ClockConfig
 .text.HAL_RCC_GetSysClockFreq
                0x080076f8      0x20c ./Drivers/STM32F4xx_HAL_Driver/Src/stm32f4xx_hal_rcc.o
                0x080076f8                HAL_RCC_GetSysClockFreq
 .text.HAL_RCC_GetHCLKFreq
                0x08007904       0x18 ./Drivers/STM32F4xx_HAL_Driver/Src/stm32f4xx_hal_rcc.o
                0x08007904                HAL_RCC_GetHCLKFreq
 .text.HAL_RCC_GetPCLK1Freq
                0x0800791c       0x28 ./Drivers/STM32F4xx_HAL_Driver/Src/stm32f4xx_hal_rcc.o
                0x0800791c                HAL_RCC_GetPCLK1Freq
 .text.HAL_RCC_GetPCLK2Freq
                0x08007944       0x28 ./Drivers/STM32F4xx_HAL_Driver/Src/stm32f4xx_hal_rcc.o
                0x08007944                HAL_RCC_GetPCLK2Freq
 .text.HAL_TIM_PWM_Init
                0x0800796c       0x9e ./Drivers/STM32F4xx_HAL_Driver/Src/stm32f4xx_hal_tim.o
                0x0800796c                HAL_TIM_PWM_Init
 *fill*         0x08007a0a        0x2 
 .text.HAL_TIM_PWM_Start
                0x08007a0c      0x160 ./Drivers/STM32F4xx_HAL_Driver/Src/stm32f4xx_hal_tim.o
                0x08007a0c                HAL_TIM_PWM_Start
 .text.HAL_TIM_PWM_ConfigChannel
                0x08007b6c      0x184 ./Drivers/STM32F4xx_HAL_Driver/Src/stm32f4xx_hal_tim.o
                0x08007b6c                HAL_TIM_PWM_ConfigChannel
 .text.TIM_Base_SetConfig
                0x08007cf0      0x100 ./Drivers/STM32F4xx_HAL_Driver/Src/stm32f4xx_hal_tim.o
                0x08007cf0                TIM_Base_SetConfig
 .text.TIM_OC1_SetConfig
                0x08007df0       0xcc ./Drivers/STM32F4xx_HAL_Driver/Src/stm32f4xx_hal_tim.o
 .text.TIM_OC2_SetConfig
                0x08007ebc       0xd8 ./Drivers/STM32F4xx_HAL_Driver/Src/stm32f4xx_hal_tim.o
                0x08007ebc                TIM_OC2_SetConfig
 .text.TIM_OC3_SetConfig
                0x08007f94       0xd4 ./Drivers/STM32F4xx_HAL_Driver/Src/stm32f4xx_hal_tim.o
 .text.TIM_OC4_SetConfig
                0x08008068       0xa0 ./Drivers/STM32F4xx_HAL_Driver/Src/stm32f4xx_hal_tim.o
 .text.TIM_CCxChannelCmd
                0x08008108       0x4a ./Drivers/STM32F4xx_HAL_Driver/Src/stm32f4xx_hal_tim.o
                0x08008108                TIM_CCxChannelCmd
 *fill*         0x08008152        0x2 
 .text.HAL_TIMEx_MasterConfigSynchronization
                0x08008154       0xdc ./Drivers/STM32F4xx_HAL_Driver/Src/stm32f4xx_hal_tim_ex.o
                0x08008154                HAL_TIMEx_MasterConfigSynchronization
 .text.HAL_UART_Init
                0x08008230       0x9a ./Drivers/STM32F4xx_HAL_Driver/Src/stm32f4xx_hal_uart.o
                0x08008230                HAL_UART_Init
 .text.HAL_UART_Transmit
                0x080082ca      0x124 ./Drivers/STM32F4xx_HAL_Driver/Src/stm32f4xx_hal_uart.o
                0x080082ca                HAL_UART_Transmit
 .text.HAL_UART_Receive_IT
                0x080083ee       0x60 ./Drivers/STM32F4xx_HAL_Driver/Src/stm32f4xx_hal_uart.o
                0x080083ee                HAL_UART_Receive_IT
 *fill*         0x0800844e        0x2 
 .text.HAL_UART_IRQHandler
                0x08008450      0x51c ./Drivers/STM32F4xx_HAL_Driver/Src/stm32f4xx_hal_uart.o
                0x08008450                HAL_UART_IRQHandler
 .text.HAL_UART_TxCpltCallback
                0x0800896c       0x14 ./Drivers/STM32F4xx_HAL_Driver/Src/stm32f4xx_hal_uart.o
                0x0800896c                HAL_UART_TxCpltCallback
 .text.HAL_UART_ErrorCallback
                0x08008980       0x14 ./Drivers/STM32F4xx_HAL_Driver/Src/stm32f4xx_hal_uart.o
                0x08008980                HAL_UART_ErrorCallback
 .text.HAL_UARTEx_RxEventCallback
                0x08008994       0x18 ./Drivers/STM32F4xx_HAL_Driver/Src/stm32f4xx_hal_uart.o
                0x08008994                HAL_UARTEx_RxEventCallback
 .text.UART_WaitOnFlagUntilTimeout
                0x080089ac       0xdc ./Drivers/STM32F4xx_HAL_Driver/Src/stm32f4xx_hal_uart.o
 .text.UART_Start_Receive_IT
                0x08008a88       0x7c ./Drivers/STM32F4xx_HAL_Driver/Src/stm32f4xx_hal_uart.o
                0x08008a88                UART_Start_Receive_IT
 .text.UART_EndRxTransfer
                0x08008b04       0xc6 ./Drivers/STM32F4xx_HAL_Driver/Src/stm32f4xx_hal_uart.o
 .text.UART_DMAAbortOnError
                0x08008bca       0x28 ./Drivers/STM32F4xx_HAL_Driver/Src/stm32f4xx_hal_uart.o
 .text.UART_Transmit_IT
                0x08008bf2       0xa0 ./Drivers/STM32F4xx_HAL_Driver/Src/stm32f4xx_hal_uart.o
 .text.UART_EndTransmit_IT
                0x08008c92       0x30 ./Drivers/STM32F4xx_HAL_Driver/Src/stm32f4xx_hal_uart.o
 .text.UART_Receive_IT
                0x08008cc2      0x176 ./Drivers/STM32F4xx_HAL_Driver/Src/stm32f4xx_hal_uart.o
 .text.UART_SetConfig
                0x08008e38      0x4e8 ./Drivers/STM32F4xx_HAL_Driver/Src/stm32f4xx_hal_uart.o
 .text.LL_GPIO_SetPinMode
                0x08009320       0x5e ./Drivers/STM32F4xx_HAL_Driver/Src/stm32f4xx_ll_gpio.o
 .text.LL_GPIO_SetPinOutputType
                0x0800937e       0x30 ./Drivers/STM32F4xx_HAL_Driver/Src/stm32f4xx_ll_gpio.o
 .text.LL_GPIO_SetPinSpeed
                0x080093ae       0x5e ./Drivers/STM32F4xx_HAL_Driver/Src/stm32f4xx_ll_gpio.o
 .text.LL_GPIO_SetPinPull
                0x0800940c       0x5e ./Drivers/STM32F4xx_HAL_Driver/Src/stm32f4xx_ll_gpio.o
 .text.LL_GPIO_SetAFPin_0_7
                0x0800946a       0x5e ./Drivers/STM32F4xx_HAL_Driver/Src/stm32f4xx_ll_gpio.o
 .text.LL_GPIO_SetAFPin_8_15
                0x080094c8       0x62 ./Drivers/STM32F4xx_HAL_Driver/Src/stm32f4xx_ll_gpio.o
 .text.LL_GPIO_Init
                0x0800952a       0xe6 ./Drivers/STM32F4xx_HAL_Driver/Src/stm32f4xx_ll_gpio.o
                0x0800952a                LL_GPIO_Init
 .text.LL_RCC_GetSysClkSource
                0x08009610       0x1c ./Drivers/STM32F4xx_HAL_Driver/Src/stm32f4xx_ll_rcc.o
 .text.LL_RCC_GetAHBPrescaler
                0x0800962c       0x1c ./Drivers/STM32F4xx_HAL_Driver/Src/stm32f4xx_ll_rcc.o
 .text.LL_RCC_GetAPB1Prescaler
                0x08009648       0x1c ./Drivers/STM32F4xx_HAL_Driver/Src/stm32f4xx_ll_rcc.o
 .text.LL_RCC_GetAPB2Prescaler
                0x08009664       0x1c ./Drivers/STM32F4xx_HAL_Driver/Src/stm32f4xx_ll_rcc.o
 .text.LL_RCC_PLL_GetMainSource
                0x08009680       0x1c ./Drivers/STM32F4xx_HAL_Driver/Src/stm32f4xx_ll_rcc.o
 .text.LL_RCC_PLL_GetN
                0x0800969c       0x1c ./Drivers/STM32F4xx_HAL_Driver/Src/stm32f4xx_ll_rcc.o
 .text.LL_RCC_PLL_GetP
                0x080096b8       0x1c ./Drivers/STM32F4xx_HAL_Driver/Src/stm32f4xx_ll_rcc.o
 .text.LL_RCC_PLL_GetDivider
                0x080096d4       0x1c ./Drivers/STM32F4xx_HAL_Driver/Src/stm32f4xx_ll_rcc.o
 .text.LL_RCC_GetSystemClocksFreq
                0x080096f0       0x4a ./Drivers/STM32F4xx_HAL_Driver/Src/stm32f4xx_ll_rcc.o
                0x080096f0                LL_RCC_GetSystemClocksFreq
 *fill*         0x0800973a        0x2 
 .text.RCC_GetSystemClockFreq
                0x0800973c       0x50 ./Drivers/STM32F4xx_HAL_Driver/Src/stm32f4xx_ll_rcc.o
                0x0800973c                RCC_GetSystemClockFreq
 .text.RCC_GetHCLKClockFreq
                0x0800978c       0x2c ./Drivers/STM32F4xx_HAL_Driver/Src/stm32f4xx_ll_rcc.o
                0x0800978c                RCC_GetHCLKClockFreq
 .text.RCC_GetPCLK1ClockFreq
                0x080097b8       0x28 ./Drivers/STM32F4xx_HAL_Driver/Src/stm32f4xx_ll_rcc.o
                0x080097b8                RCC_GetPCLK1ClockFreq
 .text.RCC_GetPCLK2ClockFreq
                0x080097e0       0x28 ./Drivers/STM32F4xx_HAL_Driver/Src/stm32f4xx_ll_rcc.o
                0x080097e0                RCC_GetPCLK2ClockFreq
 .text.RCC_PLL_GetFreqDomain_SYS
                0x08009808       0x7c ./Drivers/STM32F4xx_HAL_Driver/Src/stm32f4xx_ll_rcc.o
                0x08009808                RCC_PLL_GetFreqDomain_SYS
 .text.LL_TIM_SetPrescaler
                0x08009884       0x1c ./Drivers/STM32F4xx_HAL_Driver/Src/stm32f4xx_ll_tim.o
 .text.LL_TIM_SetAutoReload
                0x080098a0       0x1c ./Drivers/STM32F4xx_HAL_Driver/Src/stm32f4xx_ll_tim.o
 .text.LL_TIM_SetRepetitionCounter
                0x080098bc       0x1c ./Drivers/STM32F4xx_HAL_Driver/Src/stm32f4xx_ll_tim.o
 .text.LL_TIM_OC_SetCompareCH1
                0x080098d8       0x1c ./Drivers/STM32F4xx_HAL_Driver/Src/stm32f4xx_ll_tim.o
 .text.LL_TIM_OC_SetCompareCH2
                0x080098f4       0x1c ./Drivers/STM32F4xx_HAL_Driver/Src/stm32f4xx_ll_tim.o
 .text.LL_TIM_OC_SetCompareCH3
                0x08009910       0x1c ./Drivers/STM32F4xx_HAL_Driver/Src/stm32f4xx_ll_tim.o
 .text.LL_TIM_OC_SetCompareCH4
                0x0800992c       0x1c ./Drivers/STM32F4xx_HAL_Driver/Src/stm32f4xx_ll_tim.o
 .text.LL_TIM_GenerateEvent_UPDATE
                0x08009948       0x20 ./Drivers/STM32F4xx_HAL_Driver/Src/stm32f4xx_ll_tim.o
 .text.LL_TIM_Init
                0x08009968       0xf4 ./Drivers/STM32F4xx_HAL_Driver/Src/stm32f4xx_ll_tim.o
                0x08009968                LL_TIM_Init
 .text.LL_TIM_OC_Init
                0x08009a5c       0x82 ./Drivers/STM32F4xx_HAL_Driver/Src/stm32f4xx_ll_tim.o
                0x08009a5c                LL_TIM_OC_Init
 *fill*         0x08009ade        0x2 
 .text.OC1Config
                0x08009ae0       0xcc ./Drivers/STM32F4xx_HAL_Driver/Src/stm32f4xx_ll_tim.o
 .text.OC2Config
                0x08009bac       0xd4 ./Drivers/STM32F4xx_HAL_Driver/Src/stm32f4xx_ll_tim.o
 .text.OC3Config
                0x08009c80       0xd4 ./Drivers/STM32F4xx_HAL_Driver/Src/stm32f4xx_ll_tim.o
 .text.OC4Config
                0x08009d54       0xa4 ./Drivers/STM32F4xx_HAL_Driver/Src/stm32f4xx_ll_tim.o
 .text.LL_USART_IsEnabled
                0x08009df8       0x28 ./Drivers/STM32F4xx_HAL_Driver/Src/stm32f4xx_ll_usart.o
 .text.LL_USART_SetStopBitsLength
                0x08009e20       0x26 ./Drivers/STM32F4xx_HAL_Driver/Src/stm32f4xx_ll_usart.o
 .text.LL_USART_SetHWFlowCtrl
                0x08009e46       0x26 ./Drivers/STM32F4xx_HAL_Driver/Src/stm32f4xx_ll_usart.o
 .text.LL_USART_SetBaudRate
                0x08009e6c      0x45c ./Drivers/STM32F4xx_HAL_Driver/Src/stm32f4xx_ll_usart.o
 .text.LL_USART_Init
                0x0800a2c8       0xc8 ./Drivers/STM32F4xx_HAL_Driver/Src/stm32f4xx_ll_usart.o
                0x0800a2c8                LL_USART_Init
 .text.atoi     0x0800a390        0x8 F:/library/stm32/STM32Toolchain/STM32CubeIDE/STM32CubeIDE_1.15.0/STM32CubeIDE/plugins/com.st.stm32cube.ide.mcu.externaltools.gnu-tools-for-stm32.12.3.rel1.win32_1.0.100.202403111256/tools/bin/../lib/gcc/arm-none-eabi/12.3.1/../../../../arm-none-eabi/lib/thumb/v7e-m+fp/hard\libc_nano.a(libc_a-atoi.o)
                0x0800a390                atoi
 .text._strtol_l.constprop.0
                0x0800a398       0xf4 F:/library/stm32/STM32Toolchain/STM32CubeIDE/STM32CubeIDE_1.15.0/STM32CubeIDE/plugins/com.st.stm32cube.ide.mcu.externaltools.gnu-tools-for-stm32.12.3.rel1.win32_1.0.100.202403111256/tools/bin/../lib/gcc/arm-none-eabi/12.3.1/../../../../arm-none-eabi/lib/thumb/v7e-m+fp/hard\libc_nano.a(libc_a-strtol.o)
 .text._strtol_r
                0x0800a48c        0x4 F:/library/stm32/STM32Toolchain/STM32CubeIDE/STM32CubeIDE_1.15.0/STM32CubeIDE/plugins/com.st.stm32cube.ide.mcu.externaltools.gnu-tools-for-stm32.12.3.rel1.win32_1.0.100.202403111256/tools/bin/../lib/gcc/arm-none-eabi/12.3.1/../../../../arm-none-eabi/lib/thumb/v7e-m+fp/hard\libc_nano.a(libc_a-strtol.o)
                0x0800a48c                _strtol_r
 .text.strtol   0x0800a490       0x14 F:/library/stm32/STM32Toolchain/STM32CubeIDE/STM32CubeIDE_1.15.0/STM32CubeIDE/plugins/com.st.stm32cube.ide.mcu.externaltools.gnu-tools-for-stm32.12.3.rel1.win32_1.0.100.202403111256/tools/bin/../lib/gcc/arm-none-eabi/12.3.1/../../../../arm-none-eabi/lib/thumb/v7e-m+fp/hard\libc_nano.a(libc_a-strtol.o)
                0x0800a490                strtol
 .text.__cvt    0x0800a4a4       0xca F:/library/stm32/STM32Toolchain/STM32CubeIDE/STM32CubeIDE_1.15.0/STM32CubeIDE/plugins/com.st.stm32cube.ide.mcu.externaltools.gnu-tools-for-stm32.12.3.rel1.win32_1.0.100.202403111256/tools/bin/../lib/gcc/arm-none-eabi/12.3.1/../../../../arm-none-eabi/lib/thumb/v7e-m+fp/hard\libc_nano.a(libc_a-nano-vfprintf_float.o)
                0x0800a4a4                __cvt
 .text.__exponent
                0x0800a56e       0x74 F:/library/stm32/STM32Toolchain/STM32CubeIDE/STM32CubeIDE_1.15.0/STM32CubeIDE/plugins/com.st.stm32cube.ide.mcu.externaltools.gnu-tools-for-stm32.12.3.rel1.win32_1.0.100.202403111256/tools/bin/../lib/gcc/arm-none-eabi/12.3.1/../../../../arm-none-eabi/lib/thumb/v7e-m+fp/hard\libc_nano.a(libc_a-nano-vfprintf_float.o)
                0x0800a56e                __exponent
 *fill*         0x0800a5e2        0x2 
 .text._printf_float
                0x0800a5e4      0x454 F:/library/stm32/STM32Toolchain/STM32CubeIDE/STM32CubeIDE_1.15.0/STM32CubeIDE/plugins/com.st.stm32cube.ide.mcu.externaltools.gnu-tools-for-stm32.12.3.rel1.win32_1.0.100.202403111256/tools/bin/../lib/gcc/arm-none-eabi/12.3.1/../../../../arm-none-eabi/lib/thumb/v7e-m+fp/hard\libc_nano.a(libc_a-nano-vfprintf_float.o)
                0x0800a5e4                _printf_float
 .text._printf_common
                0x0800aa38       0xda F:/library/stm32/STM32Toolchain/STM32CubeIDE/STM32CubeIDE_1.15.0/STM32CubeIDE/plugins/com.st.stm32cube.ide.mcu.externaltools.gnu-tools-for-stm32.12.3.rel1.win32_1.0.100.202403111256/tools/bin/../lib/gcc/arm-none-eabi/12.3.1/../../../../arm-none-eabi/lib/thumb/v7e-m+fp/hard\libc_nano.a(libc_a-nano-vfprintf_i.o)
                0x0800aa38                _printf_common
 *fill*         0x0800ab12        0x2 
 .text._printf_i
                0x0800ab14      0x240 F:/library/stm32/STM32Toolchain/STM32CubeIDE/STM32CubeIDE_1.15.0/STM32CubeIDE/plugins/com.st.stm32cube.ide.mcu.externaltools.gnu-tools-for-stm32.12.3.rel1.win32_1.0.100.202403111256/tools/bin/../lib/gcc/arm-none-eabi/12.3.1/../../../../arm-none-eabi/lib/thumb/v7e-m+fp/hard\libc_nano.a(libc_a-nano-vfprintf_i.o)
                0x0800ab14                _printf_i
 .text._scanf_float
                0x0800ad54      0x428 F:/library/stm32/STM32Toolchain/STM32CubeIDE/STM32CubeIDE_1.15.0/STM32CubeIDE/plugins/com.st.stm32cube.ide.mcu.externaltools.gnu-tools-for-stm32.12.3.rel1.win32_1.0.100.202403111256/tools/bin/../lib/gcc/arm-none-eabi/12.3.1/../../../../arm-none-eabi/lib/thumb/v7e-m+fp/hard\libc_nano.a(libc_a-nano-vfscanf_float.o)
                0x0800ad54                _scanf_float
 .text.std      0x0800b17c       0x6c F:/library/stm32/STM32Toolchain/STM32CubeIDE/STM32CubeIDE_1.15.0/STM32CubeIDE/plugins/com.st.stm32cube.ide.mcu.externaltools.gnu-tools-for-stm32.12.3.rel1.win32_1.0.100.202403111256/tools/bin/../lib/gcc/arm-none-eabi/12.3.1/../../../../arm-none-eabi/lib/thumb/v7e-m+fp/hard\libc_nano.a(libc_a-findfp.o)
 .text.stdio_exit_handler
                0x0800b1e8       0x18 F:/library/stm32/STM32Toolchain/STM32CubeIDE/STM32CubeIDE_1.15.0/STM32CubeIDE/plugins/com.st.stm32cube.ide.mcu.externaltools.gnu-tools-for-stm32.12.3.rel1.win32_1.0.100.202403111256/tools/bin/../lib/gcc/arm-none-eabi/12.3.1/../../../../arm-none-eabi/lib/thumb/v7e-m+fp/hard\libc_nano.a(libc_a-findfp.o)
 .text.cleanup_stdio
                0x0800b200       0x40 F:/library/stm32/STM32Toolchain/STM32CubeIDE/STM32CubeIDE_1.15.0/STM32CubeIDE/plugins/com.st.stm32cube.ide.mcu.externaltools.gnu-tools-for-stm32.12.3.rel1.win32_1.0.100.202403111256/tools/bin/../lib/gcc/arm-none-eabi/12.3.1/../../../../arm-none-eabi/lib/thumb/v7e-m+fp/hard\libc_nano.a(libc_a-findfp.o)
 .text.global_stdio_init.part.0
                0x0800b240       0x3c F:/library/stm32/STM32Toolchain/STM32CubeIDE/STM32CubeIDE_1.15.0/STM32CubeIDE/plugins/com.st.stm32cube.ide.mcu.externaltools.gnu-tools-for-stm32.12.3.rel1.win32_1.0.100.202403111256/tools/bin/../lib/gcc/arm-none-eabi/12.3.1/../../../../arm-none-eabi/lib/thumb/v7e-m+fp/hard\libc_nano.a(libc_a-findfp.o)
 .text.__sfp_lock_acquire
                0x0800b27c        0xc F:/library/stm32/STM32Toolchain/STM32CubeIDE/STM32CubeIDE_1.15.0/STM32CubeIDE/plugins/com.st.stm32cube.ide.mcu.externaltools.gnu-tools-for-stm32.12.3.rel1.win32_1.0.100.202403111256/tools/bin/../lib/gcc/arm-none-eabi/12.3.1/../../../../arm-none-eabi/lib/thumb/v7e-m+fp/hard\libc_nano.a(libc_a-findfp.o)
                0x0800b27c                __sfp_lock_acquire
 .text.__sfp_lock_release
                0x0800b288        0xc F:/library/stm32/STM32Toolchain/STM32CubeIDE/STM32CubeIDE_1.15.0/STM32CubeIDE/plugins/com.st.stm32cube.ide.mcu.externaltools.gnu-tools-for-stm32.12.3.rel1.win32_1.0.100.202403111256/tools/bin/../lib/gcc/arm-none-eabi/12.3.1/../../../../arm-none-eabi/lib/thumb/v7e-m+fp/hard\libc_nano.a(libc_a-findfp.o)
                0x0800b288                __sfp_lock_release
 .text.__sinit  0x0800b294       0x30 F:/library/stm32/STM32Toolchain/STM32CubeIDE/STM32CubeIDE_1.15.0/STM32CubeIDE/plugins/com.st.stm32cube.ide.mcu.externaltools.gnu-tools-for-stm32.12.3.rel1.win32_1.0.100.202403111256/tools/bin/../lib/gcc/arm-none-eabi/12.3.1/../../../../arm-none-eabi/lib/thumb/v7e-m+fp/hard\libc_nano.a(libc_a-findfp.o)
                0x0800b294                __sinit
 .text._fwalk_sglue
                0x0800b2c4       0x3c F:/library/stm32/STM32Toolchain/STM32CubeIDE/STM32CubeIDE_1.15.0/STM32CubeIDE/plugins/com.st.stm32cube.ide.mcu.externaltools.gnu-tools-for-stm32.12.3.rel1.win32_1.0.100.202403111256/tools/bin/../lib/gcc/arm-none-eabi/12.3.1/../../../../arm-none-eabi/lib/thumb/v7e-m+fp/hard\libc_nano.a(libc_a-fwalk.o)
                0x0800b2c4                _fwalk_sglue
 .text.printf   0x0800b300       0x24 F:/library/stm32/STM32Toolchain/STM32CubeIDE/STM32CubeIDE_1.15.0/STM32CubeIDE/plugins/com.st.stm32cube.ide.mcu.externaltools.gnu-tools-for-stm32.12.3.rel1.win32_1.0.100.202403111256/tools/bin/../lib/gcc/arm-none-eabi/12.3.1/../../../../arm-none-eabi/lib/thumb/v7e-m+fp/hard\libc_nano.a(libc_a-printf.o)
                0x0800b300                iprintf
                0x0800b300                printf
 .text.sprintf  0x0800b324       0x40 F:/library/stm32/STM32Toolchain/STM32CubeIDE/STM32CubeIDE_1.15.0/STM32CubeIDE/plugins/com.st.stm32cube.ide.mcu.externaltools.gnu-tools-for-stm32.12.3.rel1.win32_1.0.100.202403111256/tools/bin/../lib/gcc/arm-none-eabi/12.3.1/../../../../arm-none-eabi/lib/thumb/v7e-m+fp/hard\libc_nano.a(libc_a-sprintf.o)
                0x0800b324                siprintf
                0x0800b324                sprintf
 .text.sscanf   0x0800b364       0x54 F:/library/stm32/STM32Toolchain/STM32CubeIDE/STM32CubeIDE_1.15.0/STM32CubeIDE/plugins/com.st.stm32cube.ide.mcu.externaltools.gnu-tools-for-stm32.12.3.rel1.win32_1.0.100.202403111256/tools/bin/../lib/gcc/arm-none-eabi/12.3.1/../../../../arm-none-eabi/lib/thumb/v7e-m+fp/hard\libc_nano.a(libc_a-sscanf.o)
                0x0800b364                siscanf
                0x0800b364                sscanf
 .text.__sread  0x0800b3b8       0x22 F:/library/stm32/STM32Toolchain/STM32CubeIDE/STM32CubeIDE_1.15.0/STM32CubeIDE/plugins/com.st.stm32cube.ide.mcu.externaltools.gnu-tools-for-stm32.12.3.rel1.win32_1.0.100.202403111256/tools/bin/../lib/gcc/arm-none-eabi/12.3.1/../../../../arm-none-eabi/lib/thumb/v7e-m+fp/hard\libc_nano.a(libc_a-stdio.o)
                0x0800b3b8                __sread
 .text.__seofread
                0x0800b3da        0x4 F:/library/stm32/STM32Toolchain/STM32CubeIDE/STM32CubeIDE_1.15.0/STM32CubeIDE/plugins/com.st.stm32cube.ide.mcu.externaltools.gnu-tools-for-stm32.12.3.rel1.win32_1.0.100.202403111256/tools/bin/../lib/gcc/arm-none-eabi/12.3.1/../../../../arm-none-eabi/lib/thumb/v7e-m+fp/hard\libc_nano.a(libc_a-stdio.o)
                0x0800b3da                __seofread
 .text.__swrite
                0x0800b3de       0x38 F:/library/stm32/STM32Toolchain/STM32CubeIDE/STM32CubeIDE_1.15.0/STM32CubeIDE/plugins/com.st.stm32cube.ide.mcu.externaltools.gnu-tools-for-stm32.12.3.rel1.win32_1.0.100.202403111256/tools/bin/../lib/gcc/arm-none-eabi/12.3.1/../../../../arm-none-eabi/lib/thumb/v7e-m+fp/hard\libc_nano.a(libc_a-stdio.o)
                0x0800b3de                __swrite
 .text.__sseek  0x0800b416       0x24 F:/library/stm32/STM32Toolchain/STM32CubeIDE/STM32CubeIDE_1.15.0/STM32CubeIDE/plugins/com.st.stm32cube.ide.mcu.externaltools.gnu-tools-for-stm32.12.3.rel1.win32_1.0.100.202403111256/tools/bin/../lib/gcc/arm-none-eabi/12.3.1/../../../../arm-none-eabi/lib/thumb/v7e-m+fp/hard\libc_nano.a(libc_a-stdio.o)
                0x0800b416                __sseek
 .text.__sclose
                0x0800b43a        0x8 F:/library/stm32/STM32Toolchain/STM32CubeIDE/STM32CubeIDE_1.15.0/STM32CubeIDE/plugins/com.st.stm32cube.ide.mcu.externaltools.gnu-tools-for-stm32.12.3.rel1.win32_1.0.100.202403111256/tools/bin/../lib/gcc/arm-none-eabi/12.3.1/../../../../arm-none-eabi/lib/thumb/v7e-m+fp/hard\libc_nano.a(libc_a-stdio.o)
                0x0800b43a                __sclose
 .text.memset   0x0800b442       0x10 F:/library/stm32/STM32Toolchain/STM32CubeIDE/STM32CubeIDE_1.15.0/STM32CubeIDE/plugins/com.st.stm32cube.ide.mcu.externaltools.gnu-tools-for-stm32.12.3.rel1.win32_1.0.100.202403111256/tools/bin/../lib/gcc/arm-none-eabi/12.3.1/../../../../arm-none-eabi/lib/thumb/v7e-m+fp/hard\libc_nano.a(libc_a-memset.o)
                0x0800b442                memset
 .text.strncmp  0x0800b452       0x24 F:/library/stm32/STM32Toolchain/STM32CubeIDE/STM32CubeIDE_1.15.0/STM32CubeIDE/plugins/com.st.stm32cube.ide.mcu.externaltools.gnu-tools-for-stm32.12.3.rel1.win32_1.0.100.202403111256/tools/bin/../lib/gcc/arm-none-eabi/12.3.1/../../../../arm-none-eabi/lib/thumb/v7e-m+fp/hard\libc_nano.a(libc_a-strncmp.o)
                0x0800b452                strncmp
 *fill*         0x0800b476        0x2 
 .text.strtok   0x0800b478       0x68 F:/library/stm32/STM32Toolchain/STM32CubeIDE/STM32CubeIDE_1.15.0/STM32CubeIDE/plugins/com.st.stm32cube.ide.mcu.externaltools.gnu-tools-for-stm32.12.3.rel1.win32_1.0.100.202403111256/tools/bin/../lib/gcc/arm-none-eabi/12.3.1/../../../../arm-none-eabi/lib/thumb/v7e-m+fp/hard\libc_nano.a(libc_a-strtok.o)
                0x0800b478                strtok
 .text.__strtok_r
                0x0800b4e0       0x50 F:/library/stm32/STM32Toolchain/STM32CubeIDE/STM32CubeIDE_1.15.0/STM32CubeIDE/plugins/com.st.stm32cube.ide.mcu.externaltools.gnu-tools-for-stm32.12.3.rel1.win32_1.0.100.202403111256/tools/bin/../lib/gcc/arm-none-eabi/12.3.1/../../../../arm-none-eabi/lib/thumb/v7e-m+fp/hard\libc_nano.a(libc_a-strtok_r.o)
                0x0800b4e0                __strtok_r
 .text._localeconv_r
                0x0800b530        0x8 F:/library/stm32/STM32Toolchain/STM32CubeIDE/STM32CubeIDE_1.15.0/STM32CubeIDE/plugins/com.st.stm32cube.ide.mcu.externaltools.gnu-tools-for-stm32.12.3.rel1.win32_1.0.100.202403111256/tools/bin/../lib/gcc/arm-none-eabi/12.3.1/../../../../arm-none-eabi/lib/thumb/v7e-m+fp/hard\libc_nano.a(libc_a-localeconv.o)
                0x0800b530                _localeconv_r
 .text._close_r
                0x0800b538       0x20 F:/library/stm32/STM32Toolchain/STM32CubeIDE/STM32CubeIDE_1.15.0/STM32CubeIDE/plugins/com.st.stm32cube.ide.mcu.externaltools.gnu-tools-for-stm32.12.3.rel1.win32_1.0.100.202403111256/tools/bin/../lib/gcc/arm-none-eabi/12.3.1/../../../../arm-none-eabi/lib/thumb/v7e-m+fp/hard\libc_nano.a(libc_a-closer.o)
                0x0800b538                _close_r
 .text._lseek_r
                0x0800b558       0x24 F:/library/stm32/STM32Toolchain/STM32CubeIDE/STM32CubeIDE_1.15.0/STM32CubeIDE/plugins/com.st.stm32cube.ide.mcu.externaltools.gnu-tools-for-stm32.12.3.rel1.win32_1.0.100.202403111256/tools/bin/../lib/gcc/arm-none-eabi/12.3.1/../../../../arm-none-eabi/lib/thumb/v7e-m+fp/hard\libc_nano.a(libc_a-lseekr.o)
                0x0800b558                _lseek_r
 .text._read_r  0x0800b57c       0x24 F:/library/stm32/STM32Toolchain/STM32CubeIDE/STM32CubeIDE_1.15.0/STM32CubeIDE/plugins/com.st.stm32cube.ide.mcu.externaltools.gnu-tools-for-stm32.12.3.rel1.win32_1.0.100.202403111256/tools/bin/../lib/gcc/arm-none-eabi/12.3.1/../../../../arm-none-eabi/lib/thumb/v7e-m+fp/hard\libc_nano.a(libc_a-readr.o)
                0x0800b57c                _read_r
 .text._write_r
                0x0800b5a0       0x24 F:/library/stm32/STM32Toolchain/STM32CubeIDE/STM32CubeIDE_1.15.0/STM32CubeIDE/plugins/com.st.stm32cube.ide.mcu.externaltools.gnu-tools-for-stm32.12.3.rel1.win32_1.0.100.202403111256/tools/bin/../lib/gcc/arm-none-eabi/12.3.1/../../../../arm-none-eabi/lib/thumb/v7e-m+fp/hard\libc_nano.a(libc_a-writer.o)
                0x0800b5a0                _write_r
 .text.__errno  0x0800b5c4        0xc F:/library/stm32/STM32Toolchain/STM32CubeIDE/STM32CubeIDE_1.15.0/STM32CubeIDE/plugins/com.st.stm32cube.ide.mcu.externaltools.gnu-tools-for-stm32.12.3.rel1.win32_1.0.100.202403111256/tools/bin/../lib/gcc/arm-none-eabi/12.3.1/../../../../arm-none-eabi/lib/thumb/v7e-m+fp/hard\libc_nano.a(libc_a-errno.o)
                0x0800b5c4                __errno
 .text.__libc_init_array
                0x0800b5d0       0x48 F:/library/stm32/STM32Toolchain/STM32CubeIDE/STM32CubeIDE_1.15.0/STM32CubeIDE/plugins/com.st.stm32cube.ide.mcu.externaltools.gnu-tools-for-stm32.12.3.rel1.win32_1.0.100.202403111256/tools/bin/../lib/gcc/arm-none-eabi/12.3.1/../../../../arm-none-eabi/lib/thumb/v7e-m+fp/hard\libc_nano.a(libc_a-init.o)
                0x0800b5d0                __libc_init_array
 .text.__retarget_lock_init_recursive
                0x0800b618        0x2 F:/library/stm32/STM32Toolchain/STM32CubeIDE/STM32CubeIDE_1.15.0/STM32CubeIDE/plugins/com.st.stm32cube.ide.mcu.externaltools.gnu-tools-for-stm32.12.3.rel1.win32_1.0.100.202403111256/tools/bin/../lib/gcc/arm-none-eabi/12.3.1/../../../../arm-none-eabi/lib/thumb/v7e-m+fp/hard\libc_nano.a(libc_a-lock.o)
                0x0800b618                __retarget_lock_init_recursive
 .text.__retarget_lock_acquire_recursive
                0x0800b61a        0x2 F:/library/stm32/STM32Toolchain/STM32CubeIDE/STM32CubeIDE_1.15.0/STM32CubeIDE/plugins/com.st.stm32cube.ide.mcu.externaltools.gnu-tools-for-stm32.12.3.rel1.win32_1.0.100.202403111256/tools/bin/../lib/gcc/arm-none-eabi/12.3.1/../../../../arm-none-eabi/lib/thumb/v7e-m+fp/hard\libc_nano.a(libc_a-lock.o)
                0x0800b61a                __retarget_lock_acquire_recursive
 .text.__retarget_lock_release_recursive
                0x0800b61c        0x2 F:/library/stm32/STM32Toolchain/STM32CubeIDE/STM32CubeIDE_1.15.0/STM32CubeIDE/plugins/com.st.stm32cube.ide.mcu.externaltools.gnu-tools-for-stm32.12.3.rel1.win32_1.0.100.202403111256/tools/bin/../lib/gcc/arm-none-eabi/12.3.1/../../../../arm-none-eabi/lib/thumb/v7e-m+fp/hard\libc_nano.a(libc_a-lock.o)
                0x0800b61c                __retarget_lock_release_recursive
 *fill*         0x0800b61e        0x2 
 .text.nanf     0x0800b620        0xc F:/library/stm32/STM32Toolchain/STM32CubeIDE/STM32CubeIDE_1.15.0/STM32CubeIDE/plugins/com.st.stm32cube.ide.mcu.externaltools.gnu-tools-for-stm32.12.3.rel1.win32_1.0.100.202403111256/tools/bin/../lib/gcc/arm-none-eabi/12.3.1/../../../../arm-none-eabi/lib/thumb/v7e-m+fp/hard\libc_nano.a(libm_a-sf_nan.o)
                0x0800b620                nanf
 .text.__assert_func
                0x0800b62c       0x3c F:/library/stm32/STM32Toolchain/STM32CubeIDE/STM32CubeIDE_1.15.0/STM32CubeIDE/plugins/com.st.stm32cube.ide.mcu.externaltools.gnu-tools-for-stm32.12.3.rel1.win32_1.0.100.202403111256/tools/bin/../lib/gcc/arm-none-eabi/12.3.1/../../../../arm-none-eabi/lib/thumb/v7e-m+fp/hard\libc_nano.a(libc_a-assert.o)
                0x0800b62c                __assert_func
 .text.quorem   0x0800b668      0x110 F:/library/stm32/STM32Toolchain/STM32CubeIDE/STM32CubeIDE_1.15.0/STM32CubeIDE/plugins/com.st.stm32cube.ide.mcu.externaltools.gnu-tools-for-stm32.12.3.rel1.win32_1.0.100.202403111256/tools/bin/../lib/gcc/arm-none-eabi/12.3.1/../../../../arm-none-eabi/lib/thumb/v7e-m+fp/hard\libc_nano.a(libc_a-dtoa.o)
 .text._dtoa_r  0x0800b778      0xb88 F:/library/stm32/STM32Toolchain/STM32CubeIDE/STM32CubeIDE_1.15.0/STM32CubeIDE/plugins/com.st.stm32cube.ide.mcu.externaltools.gnu-tools-for-stm32.12.3.rel1.win32_1.0.100.202403111256/tools/bin/../lib/gcc/arm-none-eabi/12.3.1/../../../../arm-none-eabi/lib/thumb/v7e-m+fp/hard\libc_nano.a(libc_a-dtoa.o)
                0x0800b778                _dtoa_r
 .text._free_r  0x0800c300       0x94 F:/library/stm32/STM32Toolchain/STM32CubeIDE/STM32CubeIDE_1.15.0/STM32CubeIDE/plugins/com.st.stm32cube.ide.mcu.externaltools.gnu-tools-for-stm32.12.3.rel1.win32_1.0.100.202403111256/tools/bin/../lib/gcc/arm-none-eabi/12.3.1/../../../../arm-none-eabi/lib/thumb/v7e-m+fp/hard\libc_nano.a(libc_a-freer.o)
                0x0800c300                _free_r
 .text.malloc   0x0800c394       0x10 F:/library/stm32/STM32Toolchain/STM32CubeIDE/STM32CubeIDE_1.15.0/STM32CubeIDE/plugins/com.st.stm32cube.ide.mcu.externaltools.gnu-tools-for-stm32.12.3.rel1.win32_1.0.100.202403111256/tools/bin/../lib/gcc/arm-none-eabi/12.3.1/../../../../arm-none-eabi/lib/thumb/v7e-m+fp/hard\libc_nano.a(libc_a-malloc.o)
                0x0800c394                malloc
 .text.sbrk_aligned
                0x0800c3a4       0x44 F:/library/stm32/STM32Toolchain/STM32CubeIDE/STM32CubeIDE_1.15.0/STM32CubeIDE/plugins/com.st.stm32cube.ide.mcu.externaltools.gnu-tools-for-stm32.12.3.rel1.win32_1.0.100.202403111256/tools/bin/../lib/gcc/arm-none-eabi/12.3.1/../../../../arm-none-eabi/lib/thumb/v7e-m+fp/hard\libc_nano.a(libc_a-mallocr.o)
 .text._malloc_r
                0x0800c3e8      0x100 F:/library/stm32/STM32Toolchain/STM32CubeIDE/STM32CubeIDE_1.15.0/STM32CubeIDE/plugins/com.st.stm32cube.ide.mcu.externaltools.gnu-tools-for-stm32.12.3.rel1.win32_1.0.100.202403111256/tools/bin/../lib/gcc/arm-none-eabi/12.3.1/../../../../arm-none-eabi/lib/thumb/v7e-m+fp/hard\libc_nano.a(libc_a-mallocr.o)
                0x0800c3e8                _malloc_r
 .text.__malloc_lock
                0x0800c4e8        0xc F:/library/stm32/STM32Toolchain/STM32CubeIDE/STM32CubeIDE_1.15.0/STM32CubeIDE/plugins/com.st.stm32cube.ide.mcu.externaltools.gnu-tools-for-stm32.12.3.rel1.win32_1.0.100.202403111256/tools/bin/../lib/gcc/arm-none-eabi/12.3.1/../../../../arm-none-eabi/lib/thumb/v7e-m+fp/hard\libc_nano.a(libc_a-mlock.o)
                0x0800c4e8                __malloc_lock
 .text.__malloc_unlock
                0x0800c4f4        0xc F:/library/stm32/STM32Toolchain/STM32CubeIDE/STM32CubeIDE_1.15.0/STM32CubeIDE/plugins/com.st.stm32cube.ide.mcu.externaltools.gnu-tools-for-stm32.12.3.rel1.win32_1.0.100.202403111256/tools/bin/../lib/gcc/arm-none-eabi/12.3.1/../../../../arm-none-eabi/lib/thumb/v7e-m+fp/hard\libc_nano.a(libc_a-mlock.o)
                0x0800c4f4                __malloc_unlock
 .text._Balloc  0x0800c500       0x80 F:/library/stm32/STM32Toolchain/STM32CubeIDE/STM32CubeIDE_1.15.0/STM32CubeIDE/plugins/com.st.stm32cube.ide.mcu.externaltools.gnu-tools-for-stm32.12.3.rel1.win32_1.0.100.202403111256/tools/bin/../lib/gcc/arm-none-eabi/12.3.1/../../../../arm-none-eabi/lib/thumb/v7e-m+fp/hard\libc_nano.a(libc_a-mprec.o)
                0x0800c500                _Balloc
 .text._Bfree   0x0800c580       0x44 F:/library/stm32/STM32Toolchain/STM32CubeIDE/STM32CubeIDE_1.15.0/STM32CubeIDE/plugins/com.st.stm32cube.ide.mcu.externaltools.gnu-tools-for-stm32.12.3.rel1.win32_1.0.100.202403111256/tools/bin/../lib/gcc/arm-none-eabi/12.3.1/../../../../arm-none-eabi/lib/thumb/v7e-m+fp/hard\libc_nano.a(libc_a-mprec.o)
                0x0800c580                _Bfree
 .text.__multadd
                0x0800c5c4       0x8c F:/library/stm32/STM32Toolchain/STM32CubeIDE/STM32CubeIDE_1.15.0/STM32CubeIDE/plugins/com.st.stm32cube.ide.mcu.externaltools.gnu-tools-for-stm32.12.3.rel1.win32_1.0.100.202403111256/tools/bin/../lib/gcc/arm-none-eabi/12.3.1/../../../../arm-none-eabi/lib/thumb/v7e-m+fp/hard\libc_nano.a(libc_a-mprec.o)
                0x0800c5c4                __multadd
 .text.__s2b    0x0800c650       0x94 F:/library/stm32/STM32Toolchain/STM32CubeIDE/STM32CubeIDE_1.15.0/STM32CubeIDE/plugins/com.st.stm32cube.ide.mcu.externaltools.gnu-tools-for-stm32.12.3.rel1.win32_1.0.100.202403111256/tools/bin/../lib/gcc/arm-none-eabi/12.3.1/../../../../arm-none-eabi/lib/thumb/v7e-m+fp/hard\libc_nano.a(libc_a-mprec.o)
                0x0800c650                __s2b
 .text.__hi0bits
                0x0800c6e4       0x3e F:/library/stm32/STM32Toolchain/STM32CubeIDE/STM32CubeIDE_1.15.0/STM32CubeIDE/plugins/com.st.stm32cube.ide.mcu.externaltools.gnu-tools-for-stm32.12.3.rel1.win32_1.0.100.202403111256/tools/bin/../lib/gcc/arm-none-eabi/12.3.1/../../../../arm-none-eabi/lib/thumb/v7e-m+fp/hard\libc_nano.a(libc_a-mprec.o)
                0x0800c6e4                __hi0bits
 .text.__lo0bits
                0x0800c722       0x5a F:/library/stm32/STM32Toolchain/STM32CubeIDE/STM32CubeIDE_1.15.0/STM32CubeIDE/plugins/com.st.stm32cube.ide.mcu.externaltools.gnu-tools-for-stm32.12.3.rel1.win32_1.0.100.202403111256/tools/bin/../lib/gcc/arm-none-eabi/12.3.1/../../../../arm-none-eabi/lib/thumb/v7e-m+fp/hard\libc_nano.a(libc_a-mprec.o)
                0x0800c722                __lo0bits
 .text.__i2b    0x0800c77c       0x2c F:/library/stm32/STM32Toolchain/STM32CubeIDE/STM32CubeIDE_1.15.0/STM32CubeIDE/plugins/com.st.stm32cube.ide.mcu.externaltools.gnu-tools-for-stm32.12.3.rel1.win32_1.0.100.202403111256/tools/bin/../lib/gcc/arm-none-eabi/12.3.1/../../../../arm-none-eabi/lib/thumb/v7e-m+fp/hard\libc_nano.a(libc_a-mprec.o)
                0x0800c77c                __i2b
 .text.__multiply
                0x0800c7a8      0x154 F:/library/stm32/STM32Toolchain/STM32CubeIDE/STM32CubeIDE_1.15.0/STM32CubeIDE/plugins/com.st.stm32cube.ide.mcu.externaltools.gnu-tools-for-stm32.12.3.rel1.win32_1.0.100.202403111256/tools/bin/../lib/gcc/arm-none-eabi/12.3.1/../../../../arm-none-eabi/lib/thumb/v7e-m+fp/hard\libc_nano.a(libc_a-mprec.o)
                0x0800c7a8                __multiply
 .text.__pow5mult
                0x0800c8fc       0xb4 F:/library/stm32/STM32Toolchain/STM32CubeIDE/STM32CubeIDE_1.15.0/STM32CubeIDE/plugins/com.st.stm32cube.ide.mcu.externaltools.gnu-tools-for-stm32.12.3.rel1.win32_1.0.100.202403111256/tools/bin/../lib/gcc/arm-none-eabi/12.3.1/../../../../arm-none-eabi/lib/thumb/v7e-m+fp/hard\libc_nano.a(libc_a-mprec.o)
                0x0800c8fc                __pow5mult
 .text.__lshift
                0x0800c9b0       0xd8 F:/library/stm32/STM32Toolchain/STM32CubeIDE/STM32CubeIDE_1.15.0/STM32CubeIDE/plugins/com.st.stm32cube.ide.mcu.externaltools.gnu-tools-for-stm32.12.3.rel1.win32_1.0.100.202403111256/tools/bin/../lib/gcc/arm-none-eabi/12.3.1/../../../../arm-none-eabi/lib/thumb/v7e-m+fp/hard\libc_nano.a(libc_a-mprec.o)
                0x0800c9b0                __lshift
 .text.__mcmp   0x0800ca88       0x36 F:/library/stm32/STM32Toolchain/STM32CubeIDE/STM32CubeIDE_1.15.0/STM32CubeIDE/plugins/com.st.stm32cube.ide.mcu.externaltools.gnu-tools-for-stm32.12.3.rel1.win32_1.0.100.202403111256/tools/bin/../lib/gcc/arm-none-eabi/12.3.1/../../../../arm-none-eabi/lib/thumb/v7e-m+fp/hard\libc_nano.a(libc_a-mprec.o)
                0x0800ca88                __mcmp
 *fill*         0x0800cabe        0x2 
 .text.__mdiff  0x0800cac0      0x128 F:/library/stm32/STM32Toolchain/STM32CubeIDE/STM32CubeIDE_1.15.0/STM32CubeIDE/plugins/com.st.stm32cube.ide.mcu.externaltools.gnu-tools-for-stm32.12.3.rel1.win32_1.0.100.202403111256/tools/bin/../lib/gcc/arm-none-eabi/12.3.1/../../../../arm-none-eabi/lib/thumb/v7e-m+fp/hard\libc_nano.a(libc_a-mprec.o)
                0x0800cac0                __mdiff
 .text.__ulp    0x0800cbe8       0x4c F:/library/stm32/STM32Toolchain/STM32CubeIDE/STM32CubeIDE_1.15.0/STM32CubeIDE/plugins/com.st.stm32cube.ide.mcu.externaltools.gnu-tools-for-stm32.12.3.rel1.win32_1.0.100.202403111256/tools/bin/../lib/gcc/arm-none-eabi/12.3.1/../../../../arm-none-eabi/lib/thumb/v7e-m+fp/hard\libc_nano.a(libc_a-mprec.o)
                0x0800cbe8                __ulp
 .text.__b2d    0x0800cc34       0x94 F:/library/stm32/STM32Toolchain/STM32CubeIDE/STM32CubeIDE_1.15.0/STM32CubeIDE/plugins/com.st.stm32cube.ide.mcu.externaltools.gnu-tools-for-stm32.12.3.rel1.win32_1.0.100.202403111256/tools/bin/../lib/gcc/arm-none-eabi/12.3.1/../../../../arm-none-eabi/lib/thumb/v7e-m+fp/hard\libc_nano.a(libc_a-mprec.o)
                0x0800cc34                __b2d
 .text.__d2b    0x0800ccc8       0xb0 F:/library/stm32/STM32Toolchain/STM32CubeIDE/STM32CubeIDE_1.15.0/STM32CubeIDE/plugins/com.st.stm32cube.ide.mcu.externaltools.gnu-tools-for-stm32.12.3.rel1.win32_1.0.100.202403111256/tools/bin/../lib/gcc/arm-none-eabi/12.3.1/../../../../arm-none-eabi/lib/thumb/v7e-m+fp/hard\libc_nano.a(libc_a-mprec.o)
                0x0800ccc8                __d2b
 .text.__ratio  0x0800cd78       0x64 F:/library/stm32/STM32Toolchain/STM32CubeIDE/STM32CubeIDE_1.15.0/STM32CubeIDE/plugins/com.st.stm32cube.ide.mcu.externaltools.gnu-tools-for-stm32.12.3.rel1.win32_1.0.100.202403111256/tools/bin/../lib/gcc/arm-none-eabi/12.3.1/../../../../arm-none-eabi/lib/thumb/v7e-m+fp/hard\libc_nano.a(libc_a-mprec.o)
                0x0800cd78                __ratio
 .text.__copybits
                0x0800cddc       0x46 F:/library/stm32/STM32Toolchain/STM32CubeIDE/STM32CubeIDE_1.15.0/STM32CubeIDE/plugins/com.st.stm32cube.ide.mcu.externaltools.gnu-tools-for-stm32.12.3.rel1.win32_1.0.100.202403111256/tools/bin/../lib/gcc/arm-none-eabi/12.3.1/../../../../arm-none-eabi/lib/thumb/v7e-m+fp/hard\libc_nano.a(libc_a-mprec.o)
                0x0800cddc                __copybits
 .text.__any_on
                0x0800ce22       0x42 F:/library/stm32/STM32Toolchain/STM32CubeIDE/STM32CubeIDE_1.15.0/STM32CubeIDE/plugins/com.st.stm32cube.ide.mcu.externaltools.gnu-tools-for-stm32.12.3.rel1.win32_1.0.100.202403111256/tools/bin/../lib/gcc/arm-none-eabi/12.3.1/../../../../arm-none-eabi/lib/thumb/v7e-m+fp/hard\libc_nano.a(libc_a-mprec.o)
                0x0800ce22                __any_on
 .text.sulp     0x0800ce64       0x3c F:/library/stm32/STM32Toolchain/STM32CubeIDE/STM32CubeIDE_1.15.0/STM32CubeIDE/plugins/com.st.stm32cube.ide.mcu.externaltools.gnu-tools-for-stm32.12.3.rel1.win32_1.0.100.202403111256/tools/bin/../lib/gcc/arm-none-eabi/12.3.1/../../../../arm-none-eabi/lib/thumb/v7e-m+fp/hard\libc_nano.a(libc_a-strtod.o)
 .text._strtod_l
                0x0800cea0      0xbc8 F:/library/stm32/STM32Toolchain/STM32CubeIDE/STM32CubeIDE_1.15.0/STM32CubeIDE/plugins/com.st.stm32cube.ide.mcu.externaltools.gnu-tools-for-stm32.12.3.rel1.win32_1.0.100.202403111256/tools/bin/../lib/gcc/arm-none-eabi/12.3.1/../../../../arm-none-eabi/lib/thumb/v7e-m+fp/hard\libc_nano.a(libc_a-strtod.o)
                0x0800cea0                _strtod_l
 .text._strtod_r
                0x0800da68        0xc F:/library/stm32/STM32Toolchain/STM32CubeIDE/STM32CubeIDE_1.15.0/STM32CubeIDE/plugins/com.st.stm32cube.ide.mcu.externaltools.gnu-tools-for-stm32.12.3.rel1.win32_1.0.100.202403111256/tools/bin/../lib/gcc/arm-none-eabi/12.3.1/../../../../arm-none-eabi/lib/thumb/v7e-m+fp/hard\libc_nano.a(libc_a-strtod.o)
                0x0800da68                _strtod_r
 .text.__ssputs_r
                0x0800da74       0xb6 F:/library/stm32/STM32Toolchain/STM32CubeIDE/STM32CubeIDE_1.15.0/STM32CubeIDE/plugins/com.st.stm32cube.ide.mcu.externaltools.gnu-tools-for-stm32.12.3.rel1.win32_1.0.100.202403111256/tools/bin/../lib/gcc/arm-none-eabi/12.3.1/../../../../arm-none-eabi/lib/thumb/v7e-m+fp/hard\libc_nano.a(libc_a-nano-svfprintf.o)
                0x0800da74                __ssputs_r
 *fill*         0x0800db2a        0x2 
 .text._svfprintf_r
                0x0800db2c      0x1f8 F:/library/stm32/STM32Toolchain/STM32CubeIDE/STM32CubeIDE_1.15.0/STM32CubeIDE/plugins/com.st.stm32cube.ide.mcu.externaltools.gnu-tools-for-stm32.12.3.rel1.win32_1.0.100.202403111256/tools/bin/../lib/gcc/arm-none-eabi/12.3.1/../../../../arm-none-eabi/lib/thumb/v7e-m+fp/hard\libc_nano.a(libc_a-nano-svfprintf.o)
                0x0800db2c                _svfiprintf_r
                0x0800db2c                _svfprintf_r
 .text._sungetc_r
                0x0800dd24       0x76 F:/library/stm32/STM32Toolchain/STM32CubeIDE/STM32CubeIDE_1.15.0/STM32CubeIDE/plugins/com.st.stm32cube.ide.mcu.externaltools.gnu-tools-for-stm32.12.3.rel1.win32_1.0.100.202403111256/tools/bin/../lib/gcc/arm-none-eabi/12.3.1/../../../../arm-none-eabi/lib/thumb/v7e-m+fp/hard\libc_nano.a(libc_a-nano-svfscanf.o)
                0x0800dd24                _sungetc_r
 .text.__ssrefill_r
                0x0800dd9a       0x3a F:/library/stm32/STM32Toolchain/STM32CubeIDE/STM32CubeIDE_1.15.0/STM32CubeIDE/plugins/com.st.stm32cube.ide.mcu.externaltools.gnu-tools-for-stm32.12.3.rel1.win32_1.0.100.202403111256/tools/bin/../lib/gcc/arm-none-eabi/12.3.1/../../../../arm-none-eabi/lib/thumb/v7e-m+fp/hard\libc_nano.a(libc_a-nano-svfscanf.o)
                0x0800dd9a                __ssrefill_r
 .text.__ssvfscanf_r
                0x0800ddd4      0x2e8 F:/library/stm32/STM32Toolchain/STM32CubeIDE/STM32CubeIDE_1.15.0/STM32CubeIDE/plugins/com.st.stm32cube.ide.mcu.externaltools.gnu-tools-for-stm32.12.3.rel1.win32_1.0.100.202403111256/tools/bin/../lib/gcc/arm-none-eabi/12.3.1/../../../../arm-none-eabi/lib/thumb/v7e-m+fp/hard\libc_nano.a(libc_a-nano-svfscanf.o)
                0x0800ddd4                __ssvfiscanf_r
                0x0800ddd4                __ssvfscanf_r
 .text.__sfputc_r
                0x0800e0bc       0x2e F:/library/stm32/STM32Toolchain/STM32CubeIDE/STM32CubeIDE_1.15.0/STM32CubeIDE/plugins/com.st.stm32cube.ide.mcu.externaltools.gnu-tools-for-stm32.12.3.rel1.win32_1.0.100.202403111256/tools/bin/../lib/gcc/arm-none-eabi/12.3.1/../../../../arm-none-eabi/lib/thumb/v7e-m+fp/hard\libc_nano.a(libc_a-nano-vfprintf.o)
 .text.__sfputs_r
                0x0800e0ea       0x24 F:/library/stm32/STM32Toolchain/STM32CubeIDE/STM32CubeIDE_1.15.0/STM32CubeIDE/plugins/com.st.stm32cube.ide.mcu.externaltools.gnu-tools-for-stm32.12.3.rel1.win32_1.0.100.202403111256/tools/bin/../lib/gcc/arm-none-eabi/12.3.1/../../../../arm-none-eabi/lib/thumb/v7e-m+fp/hard\libc_nano.a(libc_a-nano-vfprintf.o)
                0x0800e0ea                __sfputs_r
 *fill*         0x0800e10e        0x2 
 .text._vfprintf_r
                0x0800e110      0x230 F:/library/stm32/STM32Toolchain/STM32CubeIDE/STM32CubeIDE_1.15.0/STM32CubeIDE/plugins/com.st.stm32cube.ide.mcu.externaltools.gnu-tools-for-stm32.12.3.rel1.win32_1.0.100.202403111256/tools/bin/../lib/gcc/arm-none-eabi/12.3.1/../../../../arm-none-eabi/lib/thumb/v7e-m+fp/hard\libc_nano.a(libc_a-nano-vfprintf.o)
                0x0800e110                _vfprintf_r
                0x0800e110                _vfiprintf_r
 .text._scanf_chars
                0x0800e340       0xb4 F:/library/stm32/STM32Toolchain/STM32CubeIDE/STM32CubeIDE_1.15.0/STM32CubeIDE/plugins/com.st.stm32cube.ide.mcu.externaltools.gnu-tools-for-stm32.12.3.rel1.win32_1.0.100.202403111256/tools/bin/../lib/gcc/arm-none-eabi/12.3.1/../../../../arm-none-eabi/lib/thumb/v7e-m+fp/hard\libc_nano.a(libc_a-nano-vfscanf_i.o)
                0x0800e340                _scanf_chars
 .text._scanf_i
                0x0800e3f4      0x1e8 F:/library/stm32/STM32Toolchain/STM32CubeIDE/STM32CubeIDE_1.15.0/STM32CubeIDE/plugins/com.st.stm32cube.ide.mcu.externaltools.gnu-tools-for-stm32.12.3.rel1.win32_1.0.100.202403111256/tools/bin/../lib/gcc/arm-none-eabi/12.3.1/../../../../arm-none-eabi/lib/thumb/v7e-m+fp/hard\libc_nano.a(libc_a-nano-vfscanf_i.o)
                0x0800e3f4                _scanf_i
 .text.__sflush_r
                0x0800e5dc      0x108 F:/library/stm32/STM32Toolchain/STM32CubeIDE/STM32CubeIDE_1.15.0/STM32CubeIDE/plugins/com.st.stm32cube.ide.mcu.externaltools.gnu-tools-for-stm32.12.3.rel1.win32_1.0.100.202403111256/tools/bin/../lib/gcc/arm-none-eabi/12.3.1/../../../../arm-none-eabi/lib/thumb/v7e-m+fp/hard\libc_nano.a(libc_a-fflush.o)
                0x0800e5dc                __sflush_r
 .text._fflush_r
                0x0800e6e4       0x50 F:/library/stm32/STM32Toolchain/STM32CubeIDE/STM32CubeIDE_1.15.0/STM32CubeIDE/plugins/com.st.stm32cube.ide.mcu.externaltools.gnu-tools-for-stm32.12.3.rel1.win32_1.0.100.202403111256/tools/bin/../lib/gcc/arm-none-eabi/12.3.1/../../../../arm-none-eabi/lib/thumb/v7e-m+fp/hard\libc_nano.a(libc_a-fflush.o)
                0x0800e6e4                _fflush_r
 .text.fprintf  0x0800e734       0x24 F:/library/stm32/STM32Toolchain/STM32CubeIDE/STM32CubeIDE_1.15.0/STM32CubeIDE/plugins/com.st.stm32cube.ide.mcu.externaltools.gnu-tools-for-stm32.12.3.rel1.win32_1.0.100.202403111256/tools/bin/../lib/gcc/arm-none-eabi/12.3.1/../../../../arm-none-eabi/lib/thumb/v7e-m+fp/hard\libc_nano.a(libc_a-fprintf.o)
                0x0800e734                fiprintf
                0x0800e734                fprintf
 .text.__sccl   0x0800e758       0x72 F:/library/stm32/STM32Toolchain/STM32CubeIDE/STM32CubeIDE_1.15.0/STM32CubeIDE/plugins/com.st.stm32cube.ide.mcu.externaltools.gnu-tools-for-stm32.12.3.rel1.win32_1.0.100.202403111256/tools/bin/../lib/gcc/arm-none-eabi/12.3.1/../../../../arm-none-eabi/lib/thumb/v7e-m+fp/hard\libc_nano.a(libc_a-sccl.o)
                0x0800e758                __sccl
 .text.__submore
                0x0800e7ca       0x74 F:/library/stm32/STM32Toolchain/STM32CubeIDE/STM32CubeIDE_1.15.0/STM32CubeIDE/plugins/com.st.stm32cube.ide.mcu.externaltools.gnu-tools-for-stm32.12.3.rel1.win32_1.0.100.202403111256/tools/bin/../lib/gcc/arm-none-eabi/12.3.1/../../../../arm-none-eabi/lib/thumb/v7e-m+fp/hard\libc_nano.a(libc_a-ungetc.o)
                0x0800e7ca                __submore
 .text.__swbuf_r
                0x0800e83e       0x7c F:/library/stm32/STM32Toolchain/STM32CubeIDE/STM32CubeIDE_1.15.0/STM32CubeIDE/plugins/com.st.stm32cube.ide.mcu.externaltools.gnu-tools-for-stm32.12.3.rel1.win32_1.0.100.202403111256/tools/bin/../lib/gcc/arm-none-eabi/12.3.1/../../../../arm-none-eabi/lib/thumb/v7e-m+fp/hard\libc_nano.a(libc_a-wbuf.o)
                0x0800e83e                __swbuf_r
 *fill*         0x0800e8ba        0x2 
 .text.__swsetup_r
                0x0800e8bc       0xac F:/library/stm32/STM32Toolchain/STM32CubeIDE/STM32CubeIDE_1.15.0/STM32CubeIDE/plugins/com.st.stm32cube.ide.mcu.externaltools.gnu-tools-for-stm32.12.3.rel1.win32_1.0.100.202403111256/tools/bin/../lib/gcc/arm-none-eabi/12.3.1/../../../../arm-none-eabi/lib/thumb/v7e-m+fp/hard\libc_nano.a(libc_a-wsetup.o)
                0x0800e8bc                __swsetup_r
 .text.memmove  0x0800e968       0x34 F:/library/stm32/STM32Toolchain/STM32CubeIDE/STM32CubeIDE_1.15.0/STM32CubeIDE/plugins/com.st.stm32cube.ide.mcu.externaltools.gnu-tools-for-stm32.12.3.rel1.win32_1.0.100.202403111256/tools/bin/../lib/gcc/arm-none-eabi/12.3.1/../../../../arm-none-eabi/lib/thumb/v7e-m+fp/hard\libc_nano.a(libc_a-memmove.o)
                0x0800e968                memmove
 .text._sbrk_r  0x0800e99c       0x20 F:/library/stm32/STM32Toolchain/STM32CubeIDE/STM32CubeIDE_1.15.0/STM32CubeIDE/plugins/com.st.stm32cube.ide.mcu.externaltools.gnu-tools-for-stm32.12.3.rel1.win32_1.0.100.202403111256/tools/bin/../lib/gcc/arm-none-eabi/12.3.1/../../../../arm-none-eabi/lib/thumb/v7e-m+fp/hard\libc_nano.a(libc_a-sbrkr.o)
                0x0800e99c                _sbrk_r
 .text.memcpy   0x0800e9bc       0x1c F:/library/stm32/STM32Toolchain/STM32CubeIDE/STM32CubeIDE_1.15.0/STM32CubeIDE/plugins/com.st.stm32cube.ide.mcu.externaltools.gnu-tools-for-stm32.12.3.rel1.win32_1.0.100.202403111256/tools/bin/../lib/gcc/arm-none-eabi/12.3.1/../../../../arm-none-eabi/lib/thumb/v7e-m+fp/hard\libc_nano.a(libc_a-memcpy-stub.o)
                0x0800e9bc                memcpy
 .text.nan      0x0800e9d8       0x10 F:/library/stm32/STM32Toolchain/STM32CubeIDE/STM32CubeIDE_1.15.0/STM32CubeIDE/plugins/com.st.stm32cube.ide.mcu.externaltools.gnu-tools-for-stm32.12.3.rel1.win32_1.0.100.202403111256/tools/bin/../lib/gcc/arm-none-eabi/12.3.1/../../../../arm-none-eabi/lib/thumb/v7e-m+fp/hard\libc_nano.a(libm_a-s_nan.o)
                0x0800e9d8                nan
 .text.abort    0x0800e9e8        0xe F:/library/stm32/STM32Toolchain/STM32CubeIDE/STM32CubeIDE_1.15.0/STM32CubeIDE/plugins/com.st.stm32cube.ide.mcu.externaltools.gnu-tools-for-stm32.12.3.rel1.win32_1.0.100.202403111256/tools/bin/../lib/gcc/arm-none-eabi/12.3.1/../../../../arm-none-eabi/lib/thumb/v7e-m+fp/hard\libc_nano.a(libc_a-abort.o)
                0x0800e9e8                abort
 .text._calloc_r
                0x0800e9f6       0x28 F:/library/stm32/STM32Toolchain/STM32CubeIDE/STM32CubeIDE_1.15.0/STM32CubeIDE/plugins/com.st.stm32cube.ide.mcu.externaltools.gnu-tools-for-stm32.12.3.rel1.win32_1.0.100.202403111256/tools/bin/../lib/gcc/arm-none-eabi/12.3.1/../../../../arm-none-eabi/lib/thumb/v7e-m+fp/hard\libc_nano.a(libc_a-callocr.o)
                0x0800e9f6                _calloc_r
 .text.rshift   0x0800ea1e       0xa4 F:/library/stm32/STM32Toolchain/STM32CubeIDE/STM32CubeIDE_1.15.0/STM32CubeIDE/plugins/com.st.stm32cube.ide.mcu.externaltools.gnu-tools-for-stm32.12.3.rel1.win32_1.0.100.202403111256/tools/bin/../lib/gcc/arm-none-eabi/12.3.1/../../../../arm-none-eabi/lib/thumb/v7e-m+fp/hard\libc_nano.a(libc_a-gdtoa-gethex.o)
 .text.__hexdig_fun
                0x0800eac2       0x2a F:/library/stm32/STM32Toolchain/STM32CubeIDE/STM32CubeIDE_1.15.0/STM32CubeIDE/plugins/com.st.stm32cube.ide.mcu.externaltools.gnu-tools-for-stm32.12.3.rel1.win32_1.0.100.202403111256/tools/bin/../lib/gcc/arm-none-eabi/12.3.1/../../../../arm-none-eabi/lib/thumb/v7e-m+fp/hard\libc_nano.a(libc_a-gdtoa-gethex.o)
                0x0800eac2                __hexdig_fun
 .text.__gethex
                0x0800eaec      0x420 F:/library/stm32/STM32Toolchain/STM32CubeIDE/STM32CubeIDE_1.15.0/STM32CubeIDE/plugins/com.st.stm32cube.ide.mcu.externaltools.gnu-tools-for-stm32.12.3.rel1.win32_1.0.100.202403111256/tools/bin/../lib/gcc/arm-none-eabi/12.3.1/../../../../arm-none-eabi/lib/thumb/v7e-m+fp/hard\libc_nano.a(libc_a-gdtoa-gethex.o)
                0x0800eaec                __gethex
 .text.L_shift  0x0800ef0c       0x24 F:/library/stm32/STM32Toolchain/STM32CubeIDE/STM32CubeIDE_1.15.0/STM32CubeIDE/plugins/com.st.stm32cube.ide.mcu.externaltools.gnu-tools-for-stm32.12.3.rel1.win32_1.0.100.202403111256/tools/bin/../lib/gcc/arm-none-eabi/12.3.1/../../../../arm-none-eabi/lib/thumb/v7e-m+fp/hard\libc_nano.a(libc_a-gdtoa-hexnan.o)
 .text.__match  0x0800ef30       0x28 F:/library/stm32/STM32Toolchain/STM32CubeIDE/STM32CubeIDE_1.15.0/STM32CubeIDE/plugins/com.st.stm32cube.ide.mcu.externaltools.gnu-tools-for-stm32.12.3.rel1.win32_1.0.100.202403111256/tools/bin/../lib/gcc/arm-none-eabi/12.3.1/../../../../arm-none-eabi/lib/thumb/v7e-m+fp/hard\libc_nano.a(libc_a-gdtoa-hexnan.o)
                0x0800ef30                __match
 .text.__hexnan
                0x0800ef58      0x136 F:/library/stm32/STM32Toolchain/STM32CubeIDE/STM32CubeIDE_1.15.0/STM32CubeIDE/plugins/com.st.stm32cube.ide.mcu.externaltools.gnu-tools-for-stm32.12.3.rel1.win32_1.0.100.202403111256/tools/bin/../lib/gcc/arm-none-eabi/12.3.1/../../../../arm-none-eabi/lib/thumb/v7e-m+fp/hard\libc_nano.a(libc_a-gdtoa-hexnan.o)
                0x0800ef58                __hexnan
 .text.__ascii_mbtowc
                0x0800f08e       0x24 F:/library/stm32/STM32Toolchain/STM32CubeIDE/STM32CubeIDE_1.15.0/STM32CubeIDE/plugins/com.st.stm32cube.ide.mcu.externaltools.gnu-tools-for-stm32.12.3.rel1.win32_1.0.100.202403111256/tools/bin/../lib/gcc/arm-none-eabi/12.3.1/../../../../arm-none-eabi/lib/thumb/v7e-m+fp/hard\libc_nano.a(libc_a-mbtowc_r.o)
                0x0800f08e                __ascii_mbtowc
 .text._realloc_r
                0x0800f0b2       0x5c F:/library/stm32/STM32Toolchain/STM32CubeIDE/STM32CubeIDE_1.15.0/STM32CubeIDE/plugins/com.st.stm32cube.ide.mcu.externaltools.gnu-tools-for-stm32.12.3.rel1.win32_1.0.100.202403111256/tools/bin/../lib/gcc/arm-none-eabi/12.3.1/../../../../arm-none-eabi/lib/thumb/v7e-m+fp/hard\libc_nano.a(libc_a-reallocr.o)
                0x0800f0b2                _realloc_r
 *fill*         0x0800f10e        0x2 
 .text._strtoul_l.constprop.0
                0x0800f110       0xdc F:/library/stm32/STM32Toolchain/STM32CubeIDE/STM32CubeIDE_1.15.0/STM32CubeIDE/plugins/com.st.stm32cube.ide.mcu.externaltools.gnu-tools-for-stm32.12.3.rel1.win32_1.0.100.202403111256/tools/bin/../lib/gcc/arm-none-eabi/12.3.1/../../../../arm-none-eabi/lib/thumb/v7e-m+fp/hard\libc_nano.a(libc_a-strtoul.o)
 .text._strtoul_r
                0x0800f1ec        0x4 F:/library/stm32/STM32Toolchain/STM32CubeIDE/STM32CubeIDE_1.15.0/STM32CubeIDE/plugins/com.st.stm32cube.ide.mcu.externaltools.gnu-tools-for-stm32.12.3.rel1.win32_1.0.100.202403111256/tools/bin/../lib/gcc/arm-none-eabi/12.3.1/../../../../arm-none-eabi/lib/thumb/v7e-m+fp/hard\libc_nano.a(libc_a-strtoul.o)
                0x0800f1ec                _strtoul_r
 .text.__ascii_wctomb
                0x0800f1f0       0x1a F:/library/stm32/STM32Toolchain/STM32CubeIDE/STM32CubeIDE_1.15.0/STM32CubeIDE/plugins/com.st.stm32cube.ide.mcu.externaltools.gnu-tools-for-stm32.12.3.rel1.win32_1.0.100.202403111256/tools/bin/../lib/gcc/arm-none-eabi/12.3.1/../../../../arm-none-eabi/lib/thumb/v7e-m+fp/hard\libc_nano.a(libc_a-wctomb_r.o)
                0x0800f1f0                __ascii_wctomb
 .text.__swhatbuf_r
                0x0800f20a       0x4c F:/library/stm32/STM32Toolchain/STM32CubeIDE/STM32CubeIDE_1.15.0/STM32CubeIDE/plugins/com.st.stm32cube.ide.mcu.externaltools.gnu-tools-for-stm32.12.3.rel1.win32_1.0.100.202403111256/tools/bin/../lib/gcc/arm-none-eabi/12.3.1/../../../../arm-none-eabi/lib/thumb/v7e-m+fp/hard\libc_nano.a(libc_a-makebuf.o)
                0x0800f20a                __swhatbuf_r
 .text.__smakebuf_r
                0x0800f256       0x78 F:/library/stm32/STM32Toolchain/STM32CubeIDE/STM32CubeIDE_1.15.0/STM32CubeIDE/plugins/com.st.stm32cube.ide.mcu.externaltools.gnu-tools-for-stm32.12.3.rel1.win32_1.0.100.202403111256/tools/bin/../lib/gcc/arm-none-eabi/12.3.1/../../../../arm-none-eabi/lib/thumb/v7e-m+fp/hard\libc_nano.a(libc_a-makebuf.o)
                0x0800f256                __smakebuf_r
 .text._raise_r
                0x0800f2ce       0x50 F:/library/stm32/STM32Toolchain/STM32CubeIDE/STM32CubeIDE_1.15.0/STM32CubeIDE/plugins/com.st.stm32cube.ide.mcu.externaltools.gnu-tools-for-stm32.12.3.rel1.win32_1.0.100.202403111256/tools/bin/../lib/gcc/arm-none-eabi/12.3.1/../../../../arm-none-eabi/lib/thumb/v7e-m+fp/hard\libc_nano.a(libc_a-signal.o)
                0x0800f2ce                _raise_r
 *fill*         0x0800f31e        0x2 
 .text.raise    0x0800f320       0x10 F:/library/stm32/STM32Toolchain/STM32CubeIDE/STM32CubeIDE_1.15.0/STM32CubeIDE/plugins/com.st.stm32cube.ide.mcu.externaltools.gnu-tools-for-stm32.12.3.rel1.win32_1.0.100.202403111256/tools/bin/../lib/gcc/arm-none-eabi/12.3.1/../../../../arm-none-eabi/lib/thumb/v7e-m+fp/hard\libc_nano.a(libc_a-signal.o)
                0x0800f320                raise
 .text._fstat_r
                0x0800f330       0x24 F:/library/stm32/STM32Toolchain/STM32CubeIDE/STM32CubeIDE_1.15.0/STM32CubeIDE/plugins/com.st.stm32cube.ide.mcu.externaltools.gnu-tools-for-stm32.12.3.rel1.win32_1.0.100.202403111256/tools/bin/../lib/gcc/arm-none-eabi/12.3.1/../../../../arm-none-eabi/lib/thumb/v7e-m+fp/hard\libc_nano.a(libc_a-fstatr.o)
                0x0800f330                _fstat_r
 .text._isatty_r
                0x0800f354       0x20 F:/library/stm32/STM32Toolchain/STM32CubeIDE/STM32CubeIDE_1.15.0/STM32CubeIDE/plugins/com.st.stm32cube.ide.mcu.externaltools.gnu-tools-for-stm32.12.3.rel1.win32_1.0.100.202403111256/tools/bin/../lib/gcc/arm-none-eabi/12.3.1/../../../../arm-none-eabi/lib/thumb/v7e-m+fp/hard\libc_nano.a(libc_a-isattyr.o)
                0x0800f354                _isatty_r
 .text._kill_r  0x0800f374       0x24 F:/library/stm32/STM32Toolchain/STM32CubeIDE/STM32CubeIDE_1.15.0/STM32CubeIDE/plugins/com.st.stm32cube.ide.mcu.externaltools.gnu-tools-for-stm32.12.3.rel1.win32_1.0.100.202403111256/tools/bin/../lib/gcc/arm-none-eabi/12.3.1/../../../../arm-none-eabi/lib/thumb/v7e-m+fp/hard\libc_nano.a(libc_a-signalr.o)
                0x0800f374                _kill_r
 .text._getpid_r
                0x0800f398        0x4 F:/library/stm32/STM32Toolchain/STM32CubeIDE/STM32CubeIDE_1.15.0/STM32CubeIDE/plugins/com.st.stm32cube.ide.mcu.externaltools.gnu-tools-for-stm32.12.3.rel1.win32_1.0.100.202403111256/tools/bin/../lib/gcc/arm-none-eabi/12.3.1/../../../../arm-none-eabi/lib/thumb/v7e-m+fp/hard\libc_nano.a(libc_a-signalr.o)
                0x0800f398                _getpid_r
 .text._malloc_usable_size_r
                0x0800f39c       0x10 F:/library/stm32/STM32Toolchain/STM32CubeIDE/STM32CubeIDE_1.15.0/STM32CubeIDE/plugins/com.st.stm32cube.ide.mcu.externaltools.gnu-tools-for-stm32.12.3.rel1.win32_1.0.100.202403111256/tools/bin/../lib/gcc/arm-none-eabi/12.3.1/../../../../arm-none-eabi/lib/thumb/v7e-m+fp/hard\libc_nano.a(libc_a-msizer.o)