../Core/Src/mpu6050.c:27:9:MPU6050_Init	40	static
../Core/Src/mpu6050.c:64:6:MPU6050_Read_Accel	48	static
../Core/Src/mpu6050.c:86:6:MPU6050_Read_Gyro	48	static
../Core/Src/mpu6050.c:108:6:MPU6050_Read_Temp	48	static
../Core/Src/mpu6050.c:121:6:MPU6050_Read_All	120	static
../Core/Src/mpu6050.c:175:8:Kalman_getAngle	104	static
../Core/Src/mpu6050.c:204:6:calibrate	24	static
../Core/Src/mpu6050.c:218:6:set_acc_gyro_to_calib	40	static
../Core/Src/mpu6050.c:258:6:collect_acc_gyro_data_to	80	static
../Core/Src/mpu6050.c:303:6:write_accel_offset	72	static
../Core/Src/mpu6050.c:353:6:write_gyro_offset	48	static
../Core/Src/mpu6050.c:374:7:getAccBiasX	16	static
../Core/Src/mpu6050.c:375:7:getAccBiasY	16	static
../Core/Src/mpu6050.c:376:7:getAccBiasZ	16	static
../Core/Src/mpu6050.c:377:7:getGyroBiasX	16	static
../Core/Src/mpu6050.c:378:7:getGyroBiasY	16	static
../Core/Src/mpu6050.c:379:7:getGyroBiasZ	16	static
../Core/Src/mpu6050.c:381:6:print_calibration	80	static
../Core/Src/mpu6050.c:404:6:print_float	16	static
../Core/Src/mpu6050.c:410:6:MPU6050_Read	56	static
../Core/Src/mpu6050.c:505:6:MPU6050SetDefault	16	static
../Core/Src/mpu6050.c:555:6:Roll_Pitch	40	static
../Core/Src/mpu6050.c:562:6:Kalman_filter	40	static
